 
****************************************
Report : qor
Design : VX_core_top
Version: T-2022.03-SP2
Date   : Sat Mar 28 04:44:08 2026
****************************************


  Timing Path Group 'VCLK'
  -----------------------------------
  Levels of Logic:              38.00
  Critical Path Length:          1.60
  Critical Path Slack:           0.00
  Critical Path Clk Period:      1.81
  Total Negative Slack:          0.00
  No. of Violating Paths:        0.00
  Worst Hold Violation:         -0.04
  Total Hold Violation:        -29.02
  No. of Hold Violations:    26637.00
  -----------------------------------


  Cell Count
  -----------------------------------
  Hierarchical Cell Count:        304
  Hierarchical Port Count:     101251
  Leaf Cell Count:             115898
  Buf/Inv Cell Count:           13113
  Buf Cell Count:                2139
  Inv Cell Count:               10974
  CT Buf/Inv Cell Count:            0
  Combinational Cell Count:     83503
  Sequential Cell Count:        32395
  Macro Count:                      0
  -----------------------------------


  Area
  -----------------------------------
  Combinational Area:    98784.099103
  Noncombinational Area:
                        110358.078005
  Buf/Inv Area:           6042.881554
  Total Buffer Area:          1367.03
  Total Inverter Area:        4675.85
  Macro/Black Box Area:      0.000000
  Net Area:                  0.000000
  -----------------------------------
  Cell Area:            209142.177108
  Design Area:          209142.177108


  Design Rules
  -----------------------------------
  Total Number of Nets:        121838
  Nets With Violations:             0
  Max Trans Violations:             0
  Max Cap Violations:               0
  -----------------------------------


  Hostname: edatools

  Compile CPU Statistics
  -----------------------------------------
  Resource Sharing:                   11.91
  Logic Optimization:                 37.38
  Mapping Optimization:              173.06
  -----------------------------------------
  Overall Compile Time:              518.18
  Overall Compile Wall Clock Time:   547.29

  --------------------------------------------------------------------

  Design  WNS: 0.00  TNS: 0.00  Number of Violating Paths: 0


  Design (Hold)  WNS: 0.04  TNS: 29.02  Number of Violating Paths: 26637

  --------------------------------------------------------------------


1
