 
****************************************
Report : area
Design : VX_core_top
Version: T-2022.03-SP2
Date   : Sat Mar 28 04:44:07 2026
****************************************

Library(s) Used:

    scc40nll_hdc50_lvt_ff_v1p21_0c_basic (File: /home/lao/works/backend-example/test/lib/scc40nll_hdc50_lvt_ff_v1p21_0c_basic.db)

Number of ports:                       101893
Number of nets:                        190578
Number of cells:                       117893
Number of combinational cells:          83503
Number of sequential cells:             32395
Number of macros/black boxes:               0
Number of buf/inv:                      13113
Number of references:                       1

Combinational area:              98784.099103
Buf/Inv area:                     6042.881554
Noncombinational area:          110358.078005
Macro/Black Box area:                0.000000
Net Interconnect area:      undefined  (No wire load specified)

Total cell area:                209142.177108
Total area:                 undefined
1
