 
****************************************
Report : power
        -analysis_effort low
Design : VX_core_top
Version: T-2022.03-SP2
Date   : Sat Mar 28 04:55:24 2026
****************************************


Library(s) Used:

    scc40nll_hdc50_lvt_ff_v1p21_0c_basic (File: /home/lao/works/backend-example/test/lib/scc40nll_hdc50_lvt_ff_v1p21_0c_basic.db)


Operating Conditions: ff_v1p21_0c   Library: scc40nll_hdc50_lvt_ff_v1p21_0c_basic
Wire Load Model Mode: top


Global Operating Voltage = 1.21 
Power-specific unit information :
    Voltage Units = 1V
    Capacitance Units = 1.000000pf
    Time Units = 1ns
    Dynamic Power Units = 1mW    (derived from V,C,T units)
    Leakage Power Units = 1uW


Attributes
----------
i - Including register clock pin internal power


  Cell Internal Power  = 125.2033 mW   (99%)
  Net Switching Power  = 917.7133 uW    (1%)
                         ---------
Total Dynamic Power    = 126.1210 mW  (100%)

Cell Leakage Power     = 285.2601 uW


                 Internal         Switching           Leakage            Total
Power Group      Power            Power               Power              Power   (   %    )  Attrs
--------------------------------------------------------------------------------------------------
io_pad             0.0000            0.0000            0.0000            0.0000  (   0.00%)
memory             0.0000            0.0000            0.0000            0.0000  (   0.00%)
black_box          0.0000            0.0000            0.0000            0.0000  (   0.00%)
clock_network    124.5944            0.0000            0.0000            0.0000  (   0.00%)  i
register           0.1657            0.1180          157.6314          125.0363  (  98.94%)
sequential         0.0000            0.0000            0.0000            0.0000  (   0.00%)
combinational      0.4085            0.7997          127.6287            1.3359  (   1.06%)
--------------------------------------------------------------------------------------------------
Total            125.1685 mW         0.9177 mW       285.2601 uW       126.3722 mW
1
