 
****************************************
Report : area
Design : VX_core_top
Version: T-2022.03-SP2
Date   : Sat Mar 28 04:55:24 2026
****************************************

Library(s) Used:

    scc40nll_hdc50_lvt_ff_v1p21_0c_basic (File: /home/lao/works/backend-example/test/lib/scc40nll_hdc50_lvt_ff_v1p21_0c_basic.db)

Number of ports:                       101893
Number of nets:                        191008
Number of cells:                       118414
Number of combinational cells:          84024
Number of sequential cells:             32395
Number of macros/black boxes:               0
Number of buf/inv:                      13249
Number of references:                       1

Combinational area:              98991.153505
Buf/Inv area:                     6099.486353
Noncombinational area:          110357.439605
Macro/Black Box area:                0.000000
Net Interconnect area:      undefined  (No wire load specified)

Total cell area:                209348.593110
Total area:                 undefined
1
