 
****************************************
Report : qor
Design : VX_core_top
Version: T-2022.03-SP2
Date   : Sat Mar 28 01:30:48 2026
****************************************


  Timing Path Group 'VCLK'
  -----------------------------------
  Levels of Logic:              60.00
  Critical Path Length:          2.29
  Critical Path Slack:           0.00
  Critical Path Clk Period:      2.50
  Total Negative Slack:          0.00
  No. of Violating Paths:        0.00
  Worst Hold Violation:         -0.04
  Total Hold Violation:        -12.13
  No. of Hold Violations:    11321.00
  -----------------------------------


  Cell Count
  -----------------------------------
  Hierarchical Cell Count:        256
  Hierarchical Port Count:      91379
  Leaf Cell Count:              63229
  Buf/Inv Cell Count:            7412
  Buf Cell Count:                1175
  Inv Cell Count:                6237
  CT Buf/Inv Cell Count:            0
  Combinational Cell Count:     47061
  Sequential Cell Count:        16168
  Macro Count:                      0
  -----------------------------------


  Area
  -----------------------------------
  Combinational Area:    57984.168660
  Noncombinational Area: 55106.899808
  Buf/Inv Area:           3406.076773
  Total Buffer Area:           750.12
  Total Inverter Area:        2655.96
  Macro/Black Box Area:      0.000000
  Net Area:                  0.000000
  -----------------------------------
  Cell Area:            113091.068468
  Design Area:          113091.068468


  Design Rules
  -----------------------------------
  Total Number of Nets:         70138
  Nets With Violations:             0
  Max Trans Violations:             0
  Max Cap Violations:               0
  -----------------------------------


  Hostname: edatools

  Compile CPU Statistics
  -----------------------------------------
  Resource Sharing:                    9.35
  Logic Optimization:                 18.77
  Mapping Optimization:               94.45
  -----------------------------------------
  Overall Compile Time:              279.60
  Overall Compile Wall Clock Time:   288.86

  --------------------------------------------------------------------

  Design  WNS: 0.00  TNS: 0.00  Number of Violating Paths: 0


  Design (Hold)  WNS: 0.04  TNS: 12.13  Number of Violating Paths: 11321

  --------------------------------------------------------------------


1
