 
****************************************
Report : qor
Design : VX_core_top
Version: T-2022.03-SP2
Date   : Sat Mar 28 05:30:26 2026
****************************************


  Timing Path Group 'VCLK'
  -----------------------------------
  Levels of Logic:              29.00
  Critical Path Length:          1.12
  Critical Path Slack:           0.00
  Critical Path Clk Period:      1.33
  Total Negative Slack:          0.00
  No. of Violating Paths:        0.00
  Worst Hold Violation:         -0.04
  Total Hold Violation:        -28.44
  No. of Hold Violations:    26582.00
  -----------------------------------


  Cell Count
  -----------------------------------
  Hierarchical Cell Count:        304
  Hierarchical Port Count:     101251
  Leaf Cell Count:             117682
  Buf/Inv Cell Count:           13457
  Buf Cell Count:                2092
  Inv Cell Count:               11365
  CT Buf/Inv Cell Count:            0
  Combinational Cell Count:     85287
  Sequential Cell Count:        32395
  Macro Count:                      0
  -----------------------------------


  Area
  -----------------------------------
  Combinational Area:   100012.380725
  Noncombinational Area:
                        110362.121206
  Buf/Inv Area:           6189.287951
  Total Buffer Area:          1338.51
  Total Inverter Area:        4850.78
  Macro/Black Box Area:      0.000000
  Net Area:                  0.000000
  -----------------------------------
  Cell Area:            210374.501931
  Design Area:          210374.501931


  Design Rules
  -----------------------------------
  Total Number of Nets:        123683
  Nets With Violations:             0
  Max Trans Violations:             0
  Max Cap Violations:               0
  -----------------------------------


  Hostname: edatools

  Compile CPU Statistics
  -----------------------------------------
  Resource Sharing:                   11.75
  Logic Optimization:                 37.24
  Mapping Optimization:              198.43
  -----------------------------------------
  Overall Compile Time:              548.15
  Overall Compile Wall Clock Time:   578.07

  --------------------------------------------------------------------

  Design  WNS: 0.00  TNS: 0.00  Number of Violating Paths: 0


  Design (Hold)  WNS: 0.04  TNS: 28.44  Number of Violating Paths: 26582

  --------------------------------------------------------------------


1
