 
****************************************
Report : area
Design : VX_core_top
Version: T-2022.03-SP2
Date   : Sat Mar 28 05:30:25 2026
****************************************

Library(s) Used:

    scc40nll_hdc50_lvt_ff_v1p21_0c_basic (File: /home/lao/works/backend-example/test/lib/scc40nll_hdc50_lvt_ff_v1p21_0c_basic.db)

Number of ports:                       101893
Number of nets:                        192423
Number of cells:                       119677
Number of combinational cells:          85287
Number of sequential cells:             32395
Number of macros/black boxes:               0
Number of buf/inv:                      13457
Number of references:                       1

Combinational area:             100012.380725
Buf/Inv area:                     6189.287951
Noncombinational area:          110362.121206
Macro/Black Box area:                0.000000
Net Interconnect area:      undefined  (No wire load specified)

Total cell area:                210374.501931
Total area:                 undefined
1
