 
****************************************
Report : power
        -analysis_effort low
Design : VX_core_top
Version: T-2022.03-SP2
Date   : Sat Mar 28 05:30:25 2026
****************************************


Library(s) Used:

    scc40nll_hdc50_lvt_ff_v1p21_0c_basic (File: /home/lao/works/backend-example/test/lib/scc40nll_hdc50_lvt_ff_v1p21_0c_basic.db)


Operating Conditions: ff_v1p21_0c   Library: scc40nll_hdc50_lvt_ff_v1p21_0c_basic
Wire Load Model Mode: top


Global Operating Voltage = 1.21 
Power-specific unit information :
    Voltage Units = 1V
    Capacitance Units = 1.000000pf
    Time Units = 1ns
    Dynamic Power Units = 1mW    (derived from V,C,T units)
    Leakage Power Units = 1uW


Attributes
----------
i - Including register clock pin internal power


  Cell Internal Power  = 157.2024 mW   (99%)
  Net Switching Power  =   1.1365 mW    (1%)
                         ---------
Total Dynamic Power    = 158.3389 mW  (100%)

Cell Leakage Power     = 287.3010 uW


                 Internal         Switching           Leakage            Total
Power Group      Power            Power               Power              Power   (   %    )  Attrs
--------------------------------------------------------------------------------------------------
io_pad             0.0000            0.0000            0.0000            0.0000  (   0.00%)
memory             0.0000            0.0000            0.0000            0.0000  (   0.00%)
black_box          0.0000            0.0000            0.0000            0.0000  (   0.00%)
clock_network    156.4922            0.0000            0.0000            0.0000  (   0.00%)  i
register           0.2016            0.1447          157.6401          156.9958  (  98.97%)
sequential         0.0000            0.0000            0.0000            0.0000  (   0.00%)
combinational      0.5054            0.9918          129.6609            1.6270  (   1.03%)
--------------------------------------------------------------------------------------------------
Total            157.1992 mW         1.1365 mW       287.3010 uW       158.6228 mW
1
