 
****************************************
Report : power
        -analysis_effort low
Design : VX_core_top
Version: T-2022.03-SP2
Date   : Fri Mar 27 23:15:34 2026
****************************************


Library(s) Used:

    scc40nll_hdc50_lvt_ff_v1p21_0c_basic (File: /home/lao/works/backend-example/test/lib/scc40nll_hdc50_lvt_ff_v1p21_0c_basic.db)


Operating Conditions: ff_v1p21_0c   Library: scc40nll_hdc50_lvt_ff_v1p21_0c_basic
Wire Load Model Mode: top


Global Operating Voltage = 1.21 
Power-specific unit information :
    Voltage Units = 1V
    Capacitance Units = 1.000000pf
    Time Units = 1ns
    Dynamic Power Units = 1mW    (derived from V,C,T units)
    Leakage Power Units = 1uW


Attributes
----------
i - Including register clock pin internal power


  Cell Internal Power  = 151.1337 mW   (99%)
  Net Switching Power  =   1.0614 mW    (1%)
                         ---------
Total Dynamic Power    = 152.1951 mW  (100%)

Cell Leakage Power     = 518.9131 uW


                 Internal         Switching           Leakage            Total
Power Group      Power            Power               Power              Power   (   %    )  Attrs
--------------------------------------------------------------------------------------------------
io_pad             0.0000            0.0000            0.0000            0.0000  (   0.00%)
memory             0.0000            0.0000            0.0000            0.0000  (   0.00%)
black_box          0.0000            0.0000            0.0000            0.0000  (   0.00%)
clock_network    150.4829            0.0000            0.0000            0.0000  (   0.00%)  i
register           0.1767            0.1246          285.0855          151.0704  (  98.93%)
sequential         0.0000            0.0000            0.0000            0.0000  (   0.00%)
combinational      0.4558            0.9368          233.8276            1.6265  (   1.07%)
--------------------------------------------------------------------------------------------------
Total            151.1154 mW         1.0614 mW       518.9131 uW       152.6969 mW
1
