 
****************************************
Report : area
Design : VX_core_top
Version: T-2022.03-SP2
Date   : Fri Mar 27 23:15:33 2026
****************************************

Library(s) Used:

    scc40nll_hdc50_lvt_ff_v1p21_0c_basic (File: /home/lao/works/backend-example/test/lib/scc40nll_hdc50_lvt_ff_v1p21_0c_basic.db)

Number of ports:                       159606
Number of nets:                        329125
Number of cells:                       210876
Number of combinational cells:         150250
Number of sequential cells:             58561
Number of macros/black boxes:               0
Number of buf/inv:                      22914
Number of references:                       1

Combinational area:             181576.916858
Buf/Inv area:                    10663.620734
Noncombinational area:          199478.503592
Macro/Black Box area:                0.000000
Net Interconnect area:      undefined  (No wire load specified)

Total cell area:                381055.420450
Total area:                 undefined
1
