 
****************************************
Report : qor
Design : VX_core_top
Version: T-2022.03-SP2
Date   : Sat Mar 28 06:06:00 2026
****************************************


  Timing Path Group 'VCLK'
  -----------------------------------
  Levels of Logic:              23.00
  Critical Path Length:          0.91
  Critical Path Slack:           0.00
  Critical Path Clk Period:      1.11
  Total Negative Slack:          0.00
  No. of Violating Paths:        0.00
  Worst Hold Violation:         -0.04
  Total Hold Violation:        -27.75
  No. of Hold Violations:    26270.00
  -----------------------------------


  Cell Count
  -----------------------------------
  Hierarchical Cell Count:        304
  Hierarchical Port Count:     101251
  Leaf Cell Count:             118402
  Buf/Inv Cell Count:           13690
  Buf Cell Count:                2144
  Inv Cell Count:               11546
  CT Buf/Inv Cell Count:            0
  Combinational Cell Count:     86007
  Sequential Cell Count:        32395
  Macro Count:                      0
  -----------------------------------


  Area
  -----------------------------------
  Combinational Area:   102837.300800
  Noncombinational Area:
                        110499.377223
  Buf/Inv Area:           6378.041556
  Total Buffer Area:          1374.69
  Total Inverter Area:        5003.35
  Macro/Black Box Area:      0.000000
  Net Area:                  0.000000
  -----------------------------------
  Cell Area:            213336.678022
  Design Area:          213336.678022


  Design Rules
  -----------------------------------
  Total Number of Nets:        125177
  Nets With Violations:            24
  Max Trans Violations:             0
  Max Cap Violations:               0
  Max Fanout Violations:           24
  -----------------------------------


  Hostname: edatools

  Compile CPU Statistics
  -----------------------------------------
  Resource Sharing:                   11.70
  Logic Optimization:                 44.51
  Mapping Optimization:              208.64
  -----------------------------------------
  Overall Compile Time:              556.70
  Overall Compile Wall Clock Time:   584.31

  --------------------------------------------------------------------

  Design  WNS: 0.00  TNS: 0.00  Number of Violating Paths: 0


  Design (Hold)  WNS: 0.04  TNS: 27.75  Number of Violating Paths: 26270

  --------------------------------------------------------------------


1
