 
****************************************
Report : area
Design : VX_core_top
Version: T-2022.03-SP2
Date   : Sat Mar 28 06:05:59 2026
****************************************

Library(s) Used:

    scc40nll_hdc50_lvt_ff_v1p21_0c_basic (File: /home/lao/works/backend-example/test/lib/scc40nll_hdc50_lvt_ff_v1p21_0c_basic.db)

Number of ports:                       101893
Number of nets:                        193917
Number of cells:                       120444
Number of combinational cells:          86007
Number of sequential cells:             32395
Number of macros/black boxes:               0
Number of buf/inv:                      13690
Number of references:                       1

Combinational area:             102837.300800
Buf/Inv area:                     6378.041556
Noncombinational area:          110499.377223
Macro/Black Box area:                0.000000
Net Interconnect area:      undefined  (No wire load specified)

Total cell area:                213336.678022
Total area:                 undefined
1
