 
****************************************
Report : qor
Design : VX_core_top
Version: T-2022.03-SP2
Date   : Sat Mar 28 02:37:57 2026
****************************************


  Timing Path Group 'VCLK'
  -----------------------------------
  Levels of Logic:              60.00
  Critical Path Length:          2.29
  Critical Path Slack:           0.00
  Critical Path Clk Period:      2.50
  Total Negative Slack:          0.00
  No. of Violating Paths:        0.00
  Worst Hold Violation:         -0.03
  Total Hold Violation:        -95.16
  No. of Hold Violations:    92250.00
  -----------------------------------


  Cell Count
  -----------------------------------
  Hierarchical Cell Count:        603
  Hierarchical Port Count:     196737
  Leaf Cell Count:             345267
  Buf/Inv Cell Count:           35959
  Buf Cell Count:                6805
  Inv Cell Count:               29154
  CT Buf/Inv Cell Count:            0
  Combinational Cell Count:    242067
  Sequential Cell Count:       103200
  Macro Count:                      0
  -----------------------------------


  Area
  -----------------------------------
  Combinational Area:   287772.200941
  Noncombinational Area:
                        351435.576030
  Buf/Inv Area:          16757.787099
  Total Buffer Area:          4345.16
  Total Inverter Area:       12412.62
  Macro/Black Box Area:      0.000000
  Net Area:                  0.000000
  -----------------------------------
  Cell Area:            639207.776971
  Design Area:          639207.776971


  Design Rules
  -----------------------------------
  Total Number of Nets:        355157
  Nets With Violations:             0
  Max Trans Violations:             0
  Max Cap Violations:               0
  -----------------------------------


  Hostname: edatools

  Compile CPU Statistics
  -----------------------------------------
  Resource Sharing:                   24.27
  Logic Optimization:                 95.56
  Mapping Optimization:              493.50
  -----------------------------------------
  Overall Compile Time:             1531.58
  Overall Compile Wall Clock Time:  1623.90

  --------------------------------------------------------------------

  Design  WNS: 0.00  TNS: 0.00  Number of Violating Paths: 0


  Design (Hold)  WNS: 0.03  TNS: 95.16  Number of Violating Paths: 92250

  --------------------------------------------------------------------


1
