 
****************************************
Report : area
Design : VX_core_top
Version: T-2022.03-SP2
Date   : Sat Mar 28 06:20:19 2026
****************************************

Library(s) Used:

    scc40nll_hdc50_lvt_ff_v1p21_0c_basic (File: /home/lao/works/backend-example/test/lib/scc40nll_hdc50_lvt_ff_v1p21_0c_basic.db)

Number of ports:                       101893
Number of nets:                        196011
Number of cells:                       123111
Number of combinational cells:          88654
Number of sequential cells:             32395
Number of macros/black boxes:               0
Number of buf/inv:                      14531
Number of references:                       1

Combinational area:             105206.190434
Buf/Inv area:                     6840.030354
Noncombinational area:          110551.938829
Macro/Black Box area:                0.000000
Net Interconnect area:      undefined  (No wire load specified)

Total cell area:                215758.129263
Total area:                 undefined
1
