Information: Updating design information... (UID-85)
Warning: Design 'VX_core_top' contains 1 high-fanout nets. A fanout number of 1000 will be used for delay calculations involving these nets. (TIM-134)
 
****************************************
Report : timing
        -path full
        -delay max
        -max_paths 1
Design : VX_core_top
Version: T-2022.03-SP2
Date   : Sat Mar 28 06:20:19 2026
****************************************

 # A fanout number of 1000 was used for high fanout net computations.

Operating Conditions: ff_v1p21_0c   Library: scc40nll_hdc50_lvt_ff_v1p21_0c_basic
Wire Load Model Mode: top

  Startpoint: core/issue/issue_slices[0].issue_slice/dispatch/genblk2[0].buffer/genblk1.out_buf/genblk1.genblk1[0].pipe_register/genblk1.genblk1.genblk1.value_d_reg[273]
              (rising edge-triggered flip-flop clocked by VCLK)
  Endpoint: core/execute/alu_unit/genblk1[0].muldiv_unit/genblk1[0].multiplier/genblk2.prod_r_reg[0][45]
            (rising edge-triggered flip-flop clocked by VCLK)
  Path Group: VCLK
  Path Type: max

  Point                                                   Incr       Path
  --------------------------------------------------------------------------
  clock VCLK (rise edge)                                  0.00       0.00
  clock network delay (ideal)                             0.00       0.00
  core/issue/issue_slices[0].issue_slice/dispatch/genblk2[0].buffer/genblk1.out_buf/genblk1.genblk1[0].pipe_register/genblk1.genblk1.genblk1.value_d_reg[273]/CK (DQV4_8TL50)
                                                          0.00 #     0.00 r
  core/issue/issue_slices[0].issue_slice/dispatch/genblk2[0].buffer/genblk1.out_buf/genblk1.genblk1[0].pipe_register/genblk1.genblk1.genblk1.value_d_reg[273]/Q (DQV4_8TL50)
                                                          0.11       0.11 r
  core/issue/issue_slices[0].issue_slice/dispatch/genblk2[0].buffer/genblk1.out_buf/genblk1.genblk1[0].pipe_register/data_out[273] (VX_pipe_register_DATAW515_RESETW1_2)
                                                          0.00       0.11 r
  core/issue/issue_slices[0].issue_slice/dispatch/genblk2[0].buffer/genblk1.out_buf/data_out[273] (VX_pipe_buffer_DATAW514_DEPTH1_2)
                                                          0.00       0.11 r
  core/issue/issue_slices[0].issue_slice/dispatch/genblk2[0].buffer/data_out[273] (VX_elastic_buffer_DATAW514_SIZE2_OUT_REG2_LUTRAM1_2)
                                                          0.00       0.11 r
  core/issue/issue_slices[0].issue_slice/dispatch/dispatch_if[0].data[rs1_data][0][17] (VX_dispatch_INSTANCE_ID_I_operands_if_VX_operands_if__I_dispatch_if_VX_dispatch_if_master_)
                                                          0.00       0.11 r
  core/issue/issue_slices[0].issue_slice/dispatch_if[0].data[rs1_data][0][17] (VX_issue_slice_INSTANCE_ID_ISSUE_ID0_I_decode_if_VX_decode_if__NUM_WARPS_4I_writeback_if_VX_writeback_if_slave_I_dispatch_if_VX_dispatch_if__)
                                                          0.00       0.11 r
  core/issue/dispatch_if[0].data[rs1_data][0][17] (VX_issue_INSTANCE_ID_I_decode_if_VX_decode_if__I_writeback_if_VX_writeback_if__I_dispatch_if_VX_dispatch_if__)
                                                          0.00       0.11 r
  core/execute/dispatch_if[0].data[rs1_data][0][17] (VX_execute_INSTANCE_ID_CORE_ID0_I_lsu_mem_if_VX_lsu_mem_if__NUM_LANES_4_DATA_SIZE_4_TAG_WIDTH_45I_dispatch_if_VX_dispatch_if__I_commit_if_VX_commit_if__I_sched_csr_if_VX_sched_csr_if__I_branch_ctl_if_VX_branch_ctl_if__I_warp_ctl_if_VX_warp_ctl_if__I_commit_csr_if_VX_commit_csr_if__)
                                                          0.00       0.11 r
  core/execute/alu_unit/dispatch_if[0].data[rs1_data][0][17] (VX_alu_unit_INSTANCE_ID_I_dispatch_if_VX_dispatch_if__I_commit_if_VX_commit_if__I_branch_ctl_if_VX_branch_ctl_if_master_)
                                                          0.00       0.11 r
  core/execute/alu_unit/dispatch_unit/dispatch_if[0].data[rs1_data][0][17] (VX_dispatch_unit_BLOCK_SIZE1_NUM_LANES4_OUT_BUF0_I_dispatch_if_VX_dispatch_if_slave_I_execute_if_VX_execute_if__NUM_LANES_4)
                                                          0.00       0.11 r
  core/execute/alu_unit/dispatch_unit/genblk3[0].buf_out/data_in[276] (VX_elastic_buffer_DATAW517_SIZE0_OUT_REG0)
                                                          0.00       0.11 r
  core/execute/alu_unit/dispatch_unit/genblk3[0].buf_out/data_out[276] (VX_elastic_buffer_DATAW517_SIZE0_OUT_REG0)
                                                          0.00       0.11 r
  core/execute/alu_unit/dispatch_unit/execute_if[0].data[rs1_data][0][17] (VX_dispatch_unit_BLOCK_SIZE1_NUM_LANES4_OUT_BUF0_I_dispatch_if_VX_dispatch_if_slave_I_execute_if_VX_execute_if__NUM_LANES_4)
                                                          0.00       0.11 r
  core/execute/alu_unit/genblk1[0].muldiv_unit/execute_if.data[rs1_data][0][17] (VX_alu_muldiv_INSTANCE_ID_NUM_LANES4_I_execute_if_VX_execute_if__NUM_LANES_4I_commit_if_VX_commit_if__NUM_LANES_4)
                                                          0.00       0.11 r
  core/execute/alu_unit/genblk1[0].muldiv_unit/genblk1[0].multiplier/dataa[17] (VX_multiplier_A_WIDTH33_B_WIDTH33_R_WIDTH66_SIGNED1_LATENCY4_3)
                                                          0.00       0.11 r
  core/execute/alu_unit/genblk1[0].muldiv_unit/genblk1[0].multiplier/U185/ZN (XNOR2V4_8TL50)
                                                          0.04       0.15 f
  core/execute/alu_unit/genblk1[0].muldiv_unit/genblk1[0].multiplier/U56/ZN (INV4_8TL50)
                                                          0.02       0.17 r
  core/execute/alu_unit/genblk1[0].muldiv_unit/genblk1[0].multiplier/U107/ZN (INV2_8TL50)
                                                          0.03       0.20 f
  core/execute/alu_unit/genblk1[0].muldiv_unit/genblk1[0].multiplier/U1594/ZN (OAI22V2_8TL50)
                                                          0.05       0.25 r
  core/execute/alu_unit/genblk1[0].muldiv_unit/genblk1[0].multiplier/U1459/ZN (XNOR3V4_8TL50)
                                                          0.09       0.34 f
  core/execute/alu_unit/genblk1[0].muldiv_unit/genblk1[0].multiplier/U1457/ZN (OAI21V2_8TL50)
                                                          0.02       0.36 r
  core/execute/alu_unit/genblk1[0].muldiv_unit/genblk1[0].multiplier/U1756/ZN (NAND2V4_8TL50)
                                                          0.02       0.38 f
  core/execute/alu_unit/genblk1[0].muldiv_unit/genblk1[0].multiplier/U1755/ZN (XNOR3V4_8TL50)
                                                          0.07       0.45 f
  core/execute/alu_unit/genblk1[0].muldiv_unit/genblk1[0].multiplier/U2743/CO (AD1V2C_8TL50)
                                                          0.06       0.51 f
  core/execute/alu_unit/genblk1[0].muldiv_unit/genblk1[0].multiplier/U2776/S (AD1V2C_8TL50)
                                                          0.08       0.58 r
  core/execute/alu_unit/genblk1[0].muldiv_unit/genblk1[0].multiplier/U2777/S (AD1V2C_8TL50)
                                                          0.07       0.65 f
  core/execute/alu_unit/genblk1[0].muldiv_unit/genblk1[0].multiplier/U1585/ZN (NOR2V8S_8TL50)
                                                          0.02       0.67 r
  core/execute/alu_unit/genblk1[0].muldiv_unit/genblk1[0].multiplier/U1064/ZN (OAI21V2_8TL50)
                                                          0.02       0.69 f
  core/execute/alu_unit/genblk1[0].muldiv_unit/genblk1[0].multiplier/U1658/ZN (AOI21V4_8TL50)
                                                          0.02       0.71 r
  core/execute/alu_unit/genblk1[0].muldiv_unit/genblk1[0].multiplier/U1371/ZN (OAI21V4_8TL50)
                                                          0.01       0.72 f
  core/execute/alu_unit/genblk1[0].muldiv_unit/genblk1[0].multiplier/U1734/ZN (INV4_8TL50)
                                                          0.01       0.73 r
  core/execute/alu_unit/genblk1[0].muldiv_unit/genblk1[0].multiplier/U463/ZN (NAND2V8_8TL50)
                                                          0.02       0.75 f
  core/execute/alu_unit/genblk1[0].muldiv_unit/genblk1[0].multiplier/U281/ZN (INV12_8TL50)
                                                          0.02       0.77 r
  core/execute/alu_unit/genblk1[0].muldiv_unit/genblk1[0].multiplier/U2955/ZN (OAI21V2_8TL50)
                                                          0.02       0.79 f
  core/execute/alu_unit/genblk1[0].muldiv_unit/genblk1[0].multiplier/U2957/ZN (XNOR2V4_8TL50)
                                                          0.03       0.82 r
  core/execute/alu_unit/genblk1[0].muldiv_unit/genblk1[0].multiplier/genblk2.prod_r_reg[0][45]/D (EDRNQV2_8TL50)
                                                          0.00       0.82 r
  data arrival time                                                  0.82

  clock VCLK (rise edge)                                  1.05       1.05
  clock network delay (ideal)                             0.00       1.05
  clock uncertainty                                      -0.20       0.85
  core/execute/alu_unit/genblk1[0].muldiv_unit/genblk1[0].multiplier/genblk2.prod_r_reg[0][45]/CK (EDRNQV2_8TL50)
                                                          0.00       0.85 r
  library setup time                                     -0.03       0.82
  data required time                                                 0.82
  --------------------------------------------------------------------------
  data required time                                                 0.82
  data arrival time                                                 -0.82
  --------------------------------------------------------------------------
  slack (VIOLATED: increase significant digits)                      0.00


1
