Information: Updating design information... (UID-85)
Warning: Design 'VX_core_top' contains 1 high-fanout nets. A fanout number of 1000 will be used for delay calculations involving these nets. (TIM-134)
 
****************************************
Report : timing
        -path full
        -delay max
        -max_paths 1
Design : VX_core_top
Version: T-2022.03-SP2
Date   : Sat Mar 28 05:54:04 2026
****************************************

 # A fanout number of 1000 was used for high fanout net computations.

Operating Conditions: ff_v1p21_0c   Library: scc40nll_hdc50_lvt_ff_v1p21_0c_basic
Wire Load Model Mode: top

  Startpoint: core/issue/issue_slices[0].issue_slice/dispatch/genblk2[0].buffer/genblk1.out_buf/genblk1.genblk1[0].pipe_register/genblk1.genblk1.genblk1.value_d_reg[305]
              (rising edge-triggered flip-flop clocked by VCLK)
  Endpoint: core/execute/alu_unit/genblk1[0].muldiv_unit/genblk1[1].multiplier/genblk2.prod_r_reg[0][50]
            (rising edge-triggered flip-flop clocked by VCLK)
  Path Group: VCLK
  Path Type: max

  Point                                                   Incr       Path
  --------------------------------------------------------------------------
  clock VCLK (rise edge)                                  0.00       0.00
  clock network delay (ideal)                             0.00       0.00
  core/issue/issue_slices[0].issue_slice/dispatch/genblk2[0].buffer/genblk1.out_buf/genblk1.genblk1[0].pipe_register/genblk1.genblk1.genblk1.value_d_reg[305]/CK (DQV2_8TL50)
                                                          0.00 #     0.00 r
  core/issue/issue_slices[0].issue_slice/dispatch/genblk2[0].buffer/genblk1.out_buf/genblk1.genblk1[0].pipe_register/genblk1.genblk1.genblk1.value_d_reg[305]/Q (DQV2_8TL50)
                                                          0.12       0.12 r
  core/issue/issue_slices[0].issue_slice/dispatch/genblk2[0].buffer/genblk1.out_buf/genblk1.genblk1[0].pipe_register/data_out[305] (VX_pipe_register_DATAW515_RESETW1_2)
                                                          0.00       0.12 r
  core/issue/issue_slices[0].issue_slice/dispatch/genblk2[0].buffer/genblk1.out_buf/data_out[305] (VX_pipe_buffer_DATAW514_DEPTH1_2)
                                                          0.00       0.12 r
  core/issue/issue_slices[0].issue_slice/dispatch/genblk2[0].buffer/data_out[305] (VX_elastic_buffer_DATAW514_SIZE2_OUT_REG2_LUTRAM1_2)
                                                          0.00       0.12 r
  core/issue/issue_slices[0].issue_slice/dispatch/dispatch_if[0].data[rs1_data][1][17] (VX_dispatch_INSTANCE_ID_I_operands_if_VX_operands_if__I_dispatch_if_VX_dispatch_if_master_)
                                                          0.00       0.12 r
  core/issue/issue_slices[0].issue_slice/dispatch_if[0].data[rs1_data][1][17] (VX_issue_slice_INSTANCE_ID_ISSUE_ID0_I_decode_if_VX_decode_if__NUM_WARPS_4I_writeback_if_VX_writeback_if_slave_I_dispatch_if_VX_dispatch_if__)
                                                          0.00       0.12 r
  core/issue/dispatch_if[0].data[rs1_data][1][17] (VX_issue_INSTANCE_ID_I_decode_if_VX_decode_if__I_writeback_if_VX_writeback_if__I_dispatch_if_VX_dispatch_if__)
                                                          0.00       0.12 r
  core/execute/dispatch_if[0].data[rs1_data][1][17] (VX_execute_INSTANCE_ID_CORE_ID0_I_lsu_mem_if_VX_lsu_mem_if__NUM_LANES_4_DATA_SIZE_4_TAG_WIDTH_45I_dispatch_if_VX_dispatch_if__I_commit_if_VX_commit_if__I_sched_csr_if_VX_sched_csr_if__I_branch_ctl_if_VX_branch_ctl_if__I_warp_ctl_if_VX_warp_ctl_if__I_commit_csr_if_VX_commit_csr_if__)
                                                          0.00       0.12 r
  core/execute/alu_unit/dispatch_if[0].data[rs1_data][1][17] (VX_alu_unit_INSTANCE_ID_I_dispatch_if_VX_dispatch_if__I_commit_if_VX_commit_if__I_branch_ctl_if_VX_branch_ctl_if_master_)
                                                          0.00       0.12 r
  core/execute/alu_unit/dispatch_unit/dispatch_if[0].data[rs1_data][1][17] (VX_dispatch_unit_BLOCK_SIZE1_NUM_LANES4_OUT_BUF0_I_dispatch_if_VX_dispatch_if_slave_I_execute_if_VX_execute_if__NUM_LANES_4)
                                                          0.00       0.12 r
  core/execute/alu_unit/dispatch_unit/genblk3[0].buf_out/data_in[308] (VX_elastic_buffer_DATAW517_SIZE0_OUT_REG0)
                                                          0.00       0.12 r
  core/execute/alu_unit/dispatch_unit/genblk3[0].buf_out/data_out[308] (VX_elastic_buffer_DATAW517_SIZE0_OUT_REG0)
                                                          0.00       0.12 r
  core/execute/alu_unit/dispatch_unit/execute_if[0].data[rs1_data][1][17] (VX_dispatch_unit_BLOCK_SIZE1_NUM_LANES4_OUT_BUF0_I_dispatch_if_VX_dispatch_if_slave_I_execute_if_VX_execute_if__NUM_LANES_4)
                                                          0.00       0.12 r
  core/execute/alu_unit/genblk1[0].muldiv_unit/execute_if.data[rs1_data][1][17] (VX_alu_muldiv_INSTANCE_ID_NUM_LANES4_I_execute_if_VX_execute_if__NUM_LANES_4I_commit_if_VX_commit_if__NUM_LANES_4)
                                                          0.00       0.12 r
  core/execute/alu_unit/genblk1[0].muldiv_unit/genblk1[1].multiplier/dataa[17] (VX_multiplier_A_WIDTH33_B_WIDTH33_R_WIDTH66_SIGNED1_LATENCY4_2)
                                                          0.00       0.12 r
  core/execute/alu_unit/genblk1[0].muldiv_unit/genblk1[1].multiplier/U377/ZN (INV6_8TL50)
                                                          0.01       0.13 f
  core/execute/alu_unit/genblk1[0].muldiv_unit/genblk1[1].multiplier/U378/ZN (CLKNV12_8TL50)
                                                          0.02       0.15 r
  core/execute/alu_unit/genblk1[0].muldiv_unit/genblk1[1].multiplier/U379/ZN (XNOR2V4_8TL50)
                                                          0.04       0.19 r
  core/execute/alu_unit/genblk1[0].muldiv_unit/genblk1[1].multiplier/U380/ZN (INV4_8TL50)
                                                          0.01       0.20 f
  core/execute/alu_unit/genblk1[0].muldiv_unit/genblk1[1].multiplier/U384/ZN (INV6_8TL50)
                                                          0.03       0.22 r
  core/execute/alu_unit/genblk1[0].muldiv_unit/genblk1[1].multiplier/U388/Z (AND2V4_8TL50)
                                                          0.03       0.25 r
  core/execute/alu_unit/genblk1[0].muldiv_unit/genblk1[1].multiplier/U389/ZN (CLKNV2P5_8TL50)
                                                          0.04       0.29 f
  core/execute/alu_unit/genblk1[0].muldiv_unit/genblk1[1].multiplier/U1116/ZN (OAI22V2_8TL50)
                                                          0.05       0.34 r
  core/execute/alu_unit/genblk1[0].muldiv_unit/genblk1[1].multiplier/U1279/S (AD1V2C_8TL50)
                                                          0.08       0.42 f
  core/execute/alu_unit/genblk1[0].muldiv_unit/genblk1[1].multiplier/U1281/S (AD1V2C_8TL50)
                                                          0.06       0.48 f
  core/execute/alu_unit/genblk1[0].muldiv_unit/genblk1[1].multiplier/U1237/CO (AD1V2C_8TL50)
                                                          0.06       0.54 f
  core/execute/alu_unit/genblk1[0].muldiv_unit/genblk1[1].multiplier/U1679/CO (AD1V2C_8TL50)
                                                          0.05       0.59 f
  core/execute/alu_unit/genblk1[0].muldiv_unit/genblk1[1].multiplier/U1686/CO (AD1V2C_8TL50)
                                                          0.05       0.64 f
  core/execute/alu_unit/genblk1[0].muldiv_unit/genblk1[1].multiplier/U1683/S (AD1V2T_8TL50)
                                                          0.09       0.73 f
  core/execute/alu_unit/genblk1[0].muldiv_unit/genblk1[1].multiplier/U39/ZN (NOR2V2_8TL50)
                                                          0.05       0.78 r
  core/execute/alu_unit/genblk1[0].muldiv_unit/genblk1[1].multiplier/U1693/ZN (OAI21V4_8TL50)
                                                          0.02       0.79 f
  core/execute/alu_unit/genblk1[0].muldiv_unit/genblk1[1].multiplier/U1697/ZN (AOI21V4_8TL50)
                                                          0.03       0.83 r
  core/execute/alu_unit/genblk1[0].muldiv_unit/genblk1[1].multiplier/U1704/ZN (OAI21V4_8TL50)
                                                          0.02       0.85 f
  core/execute/alu_unit/genblk1[0].muldiv_unit/genblk1[1].multiplier/U22/ZN (INV6_8TL50)
                                                          0.01       0.86 r
  core/execute/alu_unit/genblk1[0].muldiv_unit/genblk1[1].multiplier/U1705/ZN (IOA21V8_8TL50)
                                                          0.02       0.87 f
  core/execute/alu_unit/genblk1[0].muldiv_unit/genblk1[1].multiplier/U35/ZN (CLKNV12_8TL50)
                                                          0.02       0.89 r
  core/execute/alu_unit/genblk1[0].muldiv_unit/genblk1[1].multiplier/U2444/ZN (OAI21V4_8TL50)
                                                          0.01       0.91 f
  core/execute/alu_unit/genblk1[0].muldiv_unit/genblk1[1].multiplier/U2446/ZN (XNOR2V2_8TL50)
                                                          0.04       0.94 r
  core/execute/alu_unit/genblk1[0].muldiv_unit/genblk1[1].multiplier/U2447/Z (CKMUX2V2_8TL50)
                                                          0.03       0.97 r
  core/execute/alu_unit/genblk1[0].muldiv_unit/genblk1[1].multiplier/genblk2.prod_r_reg[0][50]/D (DQV2_8TL50)
                                                          0.00       0.97 r
  data arrival time                                                  0.97

  clock VCLK (rise edge)                                  1.18       1.18
  clock network delay (ideal)                             0.00       1.18
  clock uncertainty                                      -0.20       0.98
  core/execute/alu_unit/genblk1[0].muldiv_unit/genblk1[1].multiplier/genblk2.prod_r_reg[0][50]/CK (DQV2_8TL50)
                                                          0.00       0.98 r
  library setup time                                     -0.01       0.97
  data required time                                                 0.97
  --------------------------------------------------------------------------
  data required time                                                 0.97
  data arrival time                                                 -0.97
  --------------------------------------------------------------------------
  slack (MET)                                                        0.00


1
