 
****************************************
Report : area
Design : VX_core_top
Version: T-2022.03-SP2
Date   : Sat Mar 28 05:54:04 2026
****************************************

Library(s) Used:

    scc40nll_hdc50_lvt_ff_v1p21_0c_basic (File: /home/lao/works/backend-example/test/lib/scc40nll_hdc50_lvt_ff_v1p21_0c_basic.db)

Number of ports:                       101893
Number of nets:                        193257
Number of cells:                       119753
Number of combinational cells:          85363
Number of sequential cells:             32395
Number of macros/black boxes:               0
Number of buf/inv:                      13478
Number of references:                       1

Combinational area:             102398.081583
Buf/Inv area:                     6239.508754
Noncombinational area:          110368.505207
Macro/Black Box area:                0.000000
Net Interconnect area:      undefined  (No wire load specified)

Total cell area:                212766.586789
Total area:                 undefined
1
