 
****************************************
Report : qor
Design : VX_core_top
Version: T-2022.03-SP2
Date   : Sat Mar 28 05:54:05 2026
****************************************


  Timing Path Group 'VCLK'
  -----------------------------------
  Levels of Logic:              24.00
  Critical Path Length:          0.97
  Critical Path Slack:           0.00
  Critical Path Clk Period:      1.18
  Total Negative Slack:          0.00
  No. of Violating Paths:        0.00
  Worst Hold Violation:         -0.04
  Total Hold Violation:        -27.29
  No. of Hold Violations:    26332.00
  -----------------------------------


  Cell Count
  -----------------------------------
  Hierarchical Cell Count:        304
  Hierarchical Port Count:     101251
  Leaf Cell Count:             117758
  Buf/Inv Cell Count:           13478
  Buf Cell Count:                2101
  Inv Cell Count:               11377
  CT Buf/Inv Cell Count:            0
  Combinational Cell Count:     85363
  Sequential Cell Count:        32395
  Macro Count:                      0
  -----------------------------------


  Area
  -----------------------------------
  Combinational Area:   102398.081583
  Noncombinational Area:
                        110368.505207
  Buf/Inv Area:           6239.508754
  Total Buffer Area:          1345.75
  Total Inverter Area:        4893.76
  Macro/Black Box Area:      0.000000
  Net Area:                  0.000000
  -----------------------------------
  Cell Area:            212766.586789
  Design Area:          212766.586789


  Design Rules
  -----------------------------------
  Total Number of Nets:        124517
  Nets With Violations:             0
  Max Trans Violations:             0
  Max Cap Violations:               0
  -----------------------------------


  Hostname: edatools

  Compile CPU Statistics
  -----------------------------------------
  Resource Sharing:                   11.66
  Logic Optimization:                 42.73
  Mapping Optimization:              185.45
  -----------------------------------------
  Overall Compile Time:              545.23
  Overall Compile Wall Clock Time:   575.68

  --------------------------------------------------------------------

  Design  WNS: 0.00  TNS: 0.00  Number of Violating Paths: 0


  Design (Hold)  WNS: 0.04  TNS: 27.29  Number of Violating Paths: 26332

  --------------------------------------------------------------------


1
