 
****************************************
Report : area
Design : VX_core_top
Version: T-2022.03-SP2
Date   : Sat Mar 28 06:57:39 2026
****************************************

Library(s) Used:

    scc40nll_hdc50_lvt_ff_v1p21_0c_basic (File: /home/lao/works/backend-example/test/lib/scc40nll_hdc50_lvt_ff_v1p21_0c_basic.db)

Number of ports:                       101893
Number of nets:                        199221
Number of cells:                       126690
Number of combinational cells:          92297
Number of sequential cells:             32395
Number of macros/black boxes:               0
Number of buf/inv:                      16044
Number of references:                       1

Combinational area:             110281.683293
Buf/Inv area:                     8392.831959
Noncombinational area:          110428.089214
Macro/Black Box area:                0.000000
Net Interconnect area:      undefined  (No wire load specified)

Total cell area:                220709.772507
Total area:                 undefined
1
