 
****************************************
Report : qor
Design : VX_core_top
Version: T-2022.03-SP2
Date   : Fri Mar 27 22:44:30 2026
****************************************


  Timing Path Group 'VCLK'
  -----------------------------------
  Levels of Logic:              59.00
  Critical Path Length:          2.29
  Critical Path Slack:           0.00
  Critical Path Clk Period:      2.50
  Total Negative Slack:          0.00
  No. of Violating Paths:        0.00
  Worst Hold Violation:         -0.04
  Total Hold Violation:        -17.30
  No. of Hold Violations:    15758.00
  -----------------------------------


  Cell Count
  -----------------------------------
  Hierarchical Cell Count:        298
  Hierarchical Port Count:      72466
  Leaf Cell Count:              67582
  Buf/Inv Cell Count:            7499
  Buf Cell Count:                1244
  Inv Cell Count:                6255
  CT Buf/Inv Cell Count:            0
  Combinational Cell Count:     48069
  Sequential Cell Count:        19513
  Macro Count:                      0
  -----------------------------------


  Area
  -----------------------------------
  Combinational Area:    56778.230972
  Noncombinational Area: 66481.059599
  Buf/Inv Area:           3457.361574
  Total Buffer Area:           794.17
  Total Inverter Area:        2663.19
  Macro/Black Box Area:      0.000000
  Net Area:                  0.000000
  -----------------------------------
  Cell Area:            123259.290571
  Design Area:          123259.290571


  Design Rules
  -----------------------------------
  Total Number of Nets:         72598
  Nets With Violations:             0
  Max Trans Violations:             0
  Max Cap Violations:               0
  -----------------------------------


  Hostname: edatools

  Compile CPU Statistics
  -----------------------------------------
  Resource Sharing:                    7.52
  Logic Optimization:                 15.65
  Mapping Optimization:               86.12
  -----------------------------------------
  Overall Compile Time:              285.18
  Overall Compile Wall Clock Time:   301.35

  --------------------------------------------------------------------

  Design  WNS: 0.00  TNS: 0.00  Number of Violating Paths: 0


  Design (Hold)  WNS: 0.04  TNS: 17.30  Number of Violating Paths: 15758

  --------------------------------------------------------------------


1
