Information: Updating design information... (UID-85)
Warning: Design 'VX_core_top' contains 1 high-fanout nets. A fanout number of 1000 will be used for delay calculations involving these nets. (TIM-134)
 
****************************************
Report : timing
        -path full
        -delay max
        -max_paths 1
Design : VX_core_top
Version: T-2022.03-SP2
Date   : Fri Mar 27 22:44:30 2026
****************************************

 # A fanout number of 1000 was used for high fanout net computations.

Operating Conditions: ff_v1p21_0c   Library: scc40nll_hdc50_lvt_ff_v1p21_0c_basic
Wire Load Model Mode: top

  Startpoint: core/issue/issue_slices[0].issue_slice/dispatch/genblk2[0].buffer/genblk1.out_buf/genblk1.genblk1[0].pipe_register/genblk1.genblk1.genblk1.value_d_reg[142]
              (rising edge-triggered flip-flop clocked by VCLK)
  Endpoint: core/execute/alu_unit/genblk1[0].muldiv_unit/genblk1[0].multiplier/genblk2.prod_r_reg[0][63]
            (rising edge-triggered flip-flop clocked by VCLK)
  Path Group: VCLK
  Path Type: max

  Point                                                   Incr       Path
  --------------------------------------------------------------------------
  clock VCLK (rise edge)                                  0.00       0.00
  clock network delay (ideal)                             0.00       0.00
  core/issue/issue_slices[0].issue_slice/dispatch/genblk2[0].buffer/genblk1.out_buf/genblk1.genblk1[0].pipe_register/genblk1.genblk1.genblk1.value_d_reg[142]/CK (DQV2_8TL50)
                                                          0.00 #     0.00 r
  core/issue/issue_slices[0].issue_slice/dispatch/genblk2[0].buffer/genblk1.out_buf/genblk1.genblk1[0].pipe_register/genblk1.genblk1.genblk1.value_d_reg[142]/Q (DQV2_8TL50)
                                                          0.10       0.10 f
  core/issue/issue_slices[0].issue_slice/dispatch/genblk2[0].buffer/genblk1.out_buf/genblk1.genblk1[0].pipe_register/data_out[142] (VX_pipe_register_DATAW320_RESETW1_2)
                                                          0.00       0.10 f
  core/issue/issue_slices[0].issue_slice/dispatch/genblk2[0].buffer/genblk1.out_buf/data_out[142] (VX_pipe_buffer_DATAW319_DEPTH1_2)
                                                          0.00       0.10 f
  core/issue/issue_slices[0].issue_slice/dispatch/genblk2[0].buffer/data_out[142] (VX_elastic_buffer_DATAW319_SIZE2_OUT_REG2_LUTRAM1_2)
                                                          0.00       0.10 f
  core/issue/issue_slices[0].issue_slice/dispatch/dispatch_if[0].data[rs1_data][0][14] (VX_dispatch_INSTANCE_ID_I_operands_if_VX_operands_if__I_dispatch_if_VX_dispatch_if_master_)
                                                          0.00       0.10 f
  core/issue/issue_slices[0].issue_slice/dispatch_if[0].data[rs1_data][0][14] (VX_issue_slice_INSTANCE_ID_ISSUE_ID0_I_decode_if_VX_decode_if__NUM_WARPS_4I_writeback_if_VX_writeback_if_slave_I_dispatch_if_VX_dispatch_if__)
                                                          0.00       0.10 f
  core/issue/dispatch_if[0].data[rs1_data][0][14] (VX_issue_INSTANCE_ID_I_decode_if_VX_decode_if__I_writeback_if_VX_writeback_if__I_dispatch_if_VX_dispatch_if__)
                                                          0.00       0.10 f
  core/execute/dispatch_if[0].data[rs1_data][0][14] (VX_execute_INSTANCE_ID_CORE_ID0_I_lsu_mem_if_VX_lsu_mem_if__NUM_LANES_2_DATA_SIZE_4_TAG_WIDTH_45I_dispatch_if_VX_dispatch_if__I_commit_if_VX_commit_if__I_sched_csr_if_VX_sched_csr_if__I_branch_ctl_if_VX_branch_ctl_if__I_warp_ctl_if_VX_warp_ctl_if__I_commit_csr_if_VX_commit_csr_if__)
                                                          0.00       0.10 f
  core/execute/alu_unit/dispatch_if[0].data[rs1_data][0][14] (VX_alu_unit_INSTANCE_ID_I_dispatch_if_VX_dispatch_if__I_commit_if_VX_commit_if__I_branch_ctl_if_VX_branch_ctl_if_master_)
                                                          0.00       0.10 f
  core/execute/alu_unit/dispatch_unit/dispatch_if[0].data[rs1_data][0][14] (VX_dispatch_unit_BLOCK_SIZE1_NUM_LANES2_OUT_BUF0_I_dispatch_if_VX_dispatch_if_slave_I_execute_if_VX_execute_if__NUM_LANES_2)
                                                          0.00       0.10 f
  core/execute/alu_unit/dispatch_unit/genblk3[0].buf_out/data_in[145] (VX_elastic_buffer_DATAW322_SIZE0_OUT_REG0)
                                                          0.00       0.10 f
  core/execute/alu_unit/dispatch_unit/genblk3[0].buf_out/data_out[145] (VX_elastic_buffer_DATAW322_SIZE0_OUT_REG0)
                                                          0.00       0.10 f
  core/execute/alu_unit/dispatch_unit/execute_if[0].data[rs1_data][0][14] (VX_dispatch_unit_BLOCK_SIZE1_NUM_LANES2_OUT_BUF0_I_dispatch_if_VX_dispatch_if_slave_I_execute_if_VX_execute_if__NUM_LANES_2)
                                                          0.00       0.10 f
  core/execute/alu_unit/genblk1[0].muldiv_unit/execute_if.data[rs1_data][0][14] (VX_alu_muldiv_INSTANCE_ID_NUM_LANES2_I_execute_if_VX_execute_if__NUM_LANES_2I_commit_if_VX_commit_if__NUM_LANES_2)
                                                          0.00       0.10 f
  core/execute/alu_unit/genblk1[0].muldiv_unit/genblk1[0].multiplier/dataa[14] (VX_multiplier_A_WIDTH33_B_WIDTH33_R_WIDTH66_SIGNED1_LATENCY4_1)
                                                          0.00       0.10 f
  core/execute/alu_unit/genblk1[0].muldiv_unit/genblk1[0].multiplier/U1186/ZN (INV2_8TL50)
                                                          0.03       0.13 r
  core/execute/alu_unit/genblk1[0].muldiv_unit/genblk1[0].multiplier/U33/ZN (CLKNV2P5_8TL50)
                                                          0.05       0.18 f
  core/execute/alu_unit/genblk1[0].muldiv_unit/genblk1[0].multiplier/U1187/ZN (XNOR2V2_8TL50)
                                                          0.06       0.23 r
  core/execute/alu_unit/genblk1[0].muldiv_unit/genblk1[0].multiplier/U1195/ZN (INOR2V2_8TL50)
                                                          0.07       0.30 r
  core/execute/alu_unit/genblk1[0].muldiv_unit/genblk1[0].multiplier/U1196/ZN (INV2_8TL50)
                                                          0.02       0.32 f
  core/execute/alu_unit/genblk1[0].muldiv_unit/genblk1[0].multiplier/U1372/ZN (INV2_8TL50)
                                                          0.05       0.37 r
  core/execute/alu_unit/genblk1[0].muldiv_unit/genblk1[0].multiplier/U1373/ZN (AOI22V2_8TL50)
                                                          0.02       0.39 f
  core/execute/alu_unit/genblk1[0].muldiv_unit/genblk1[0].multiplier/U1374/ZN (OAI21V2_8TL50)
                                                          0.02       0.41 r
  core/execute/alu_unit/genblk1[0].muldiv_unit/genblk1[0].multiplier/U1375/Z (XOR2V2_8TL50)
                                                          0.04       0.45 f
  core/execute/alu_unit/genblk1[0].muldiv_unit/genblk1[0].multiplier/U166/CO (ADH1V2C_8TL50)
                                                          0.03       0.48 f
  core/execute/alu_unit/genblk1[0].muldiv_unit/genblk1[0].multiplier/U421/CO (ADH1V2C_8TL50)
                                                          0.03       0.51 f
  core/execute/alu_unit/genblk1[0].muldiv_unit/genblk1[0].multiplier/U1385/CO (AD1V2C_8TL50)
                                                          0.06       0.57 f
  core/execute/alu_unit/genblk1[0].muldiv_unit/genblk1[0].multiplier/U1397/CO (AD1V2C_8TL50)
                                                          0.05       0.62 f
  core/execute/alu_unit/genblk1[0].muldiv_unit/genblk1[0].multiplier/U1425/S (AD1V2C_8TL50)
                                                          0.08       0.70 r
  core/execute/alu_unit/genblk1[0].muldiv_unit/genblk1[0].multiplier/U1450/S (AD1V2C_8TL50)
                                                          0.06       0.76 f
  core/execute/alu_unit/genblk1[0].muldiv_unit/genblk1[0].multiplier/U1399/Z (OR2V2_8TL50)
                                                          0.04       0.80 f
  core/execute/alu_unit/genblk1[0].muldiv_unit/genblk1[0].multiplier/U1680/ZN (AOI21V2_8TL50)
                                                          0.03       0.83 r
  core/execute/alu_unit/genblk1[0].muldiv_unit/genblk1[0].multiplier/U1682/ZN (OAI21V2_8TL50)
                                                          0.02       0.85 f
  core/execute/alu_unit/genblk1[0].muldiv_unit/genblk1[0].multiplier/U1683/ZN (AOI21V2_8TL50)
                                                          0.03       0.88 r
  core/execute/alu_unit/genblk1[0].muldiv_unit/genblk1[0].multiplier/U1798/ZN (OAI21V2_8TL50)
                                                          0.02       0.90 f
  core/execute/alu_unit/genblk1[0].muldiv_unit/genblk1[0].multiplier/U1831/ZN (AOI21V2_8TL50)
                                                          0.03       0.94 r
  core/execute/alu_unit/genblk1[0].muldiv_unit/genblk1[0].multiplier/U1861/ZN (OAI21V2_8TL50)
                                                          0.02       0.96 f
  core/execute/alu_unit/genblk1[0].muldiv_unit/genblk1[0].multiplier/U337/ZN (AOI21V2_8TL50)
                                                          0.03       0.99 r
  core/execute/alu_unit/genblk1[0].muldiv_unit/genblk1[0].multiplier/U338/ZN (OAI21V2_8TL50)
                                                          0.02       1.02 f
  core/execute/alu_unit/genblk1[0].muldiv_unit/genblk1[0].multiplier/U1961/ZN (AOI21V2_8TL50)
                                                          0.03       1.05 r
  core/execute/alu_unit/genblk1[0].muldiv_unit/genblk1[0].multiplier/U339/ZN (OAI21V2_8TL50)
                                                          0.02       1.08 f
  core/execute/alu_unit/genblk1[0].muldiv_unit/genblk1[0].multiplier/U462/ZN (AOI21V2_8TL50)
                                                          0.03       1.11 r
  core/execute/alu_unit/genblk1[0].muldiv_unit/genblk1[0].multiplier/U340/ZN (OAI21V2_8TL50)
                                                          0.02       1.13 f
  core/execute/alu_unit/genblk1[0].muldiv_unit/genblk1[0].multiplier/U2100/ZN (AOI21V2_8TL50)
                                                          0.03       1.17 r
  core/execute/alu_unit/genblk1[0].muldiv_unit/genblk1[0].multiplier/U93/ZN (OAI21V2_8TL50)
                                                          0.02       1.19 f
  core/execute/alu_unit/genblk1[0].muldiv_unit/genblk1[0].multiplier/U341/ZN (AOI21V2_8TL50)
                                                          0.03       1.23 r
  core/execute/alu_unit/genblk1[0].muldiv_unit/genblk1[0].multiplier/U342/ZN (OAI21V2_8TL50)
                                                          0.02       1.25 f
  core/execute/alu_unit/genblk1[0].muldiv_unit/genblk1[0].multiplier/U2231/ZN (AOI21V2_8TL50)
                                                          0.03       1.28 r
  core/execute/alu_unit/genblk1[0].muldiv_unit/genblk1[0].multiplier/U463/ZN (OAI21V2_8TL50)
                                                          0.02       1.31 f
  core/execute/alu_unit/genblk1[0].muldiv_unit/genblk1[0].multiplier/U343/ZN (AOI21V2_8TL50)
                                                          0.03       1.34 r
  core/execute/alu_unit/genblk1[0].muldiv_unit/genblk1[0].multiplier/U344/ZN (OAI21V2_8TL50)
                                                          0.02       1.36 f
  core/execute/alu_unit/genblk1[0].muldiv_unit/genblk1[0].multiplier/U2346/ZN (AOI21V2_8TL50)
                                                          0.03       1.40 r
  core/execute/alu_unit/genblk1[0].muldiv_unit/genblk1[0].multiplier/U94/ZN (OAI21V2_8TL50)
                                                          0.02       1.42 f
  core/execute/alu_unit/genblk1[0].muldiv_unit/genblk1[0].multiplier/U345/ZN (AOI21V2_8TL50)
                                                          0.03       1.46 r
  core/execute/alu_unit/genblk1[0].muldiv_unit/genblk1[0].multiplier/U346/ZN (OAI21V2_8TL50)
                                                          0.02       1.48 f
  core/execute/alu_unit/genblk1[0].muldiv_unit/genblk1[0].multiplier/U2444/ZN (AOI21V2_8TL50)
                                                          0.03       1.51 r
  core/execute/alu_unit/genblk1[0].muldiv_unit/genblk1[0].multiplier/U464/ZN (OAI21V2_8TL50)
                                                          0.02       1.54 f
  core/execute/alu_unit/genblk1[0].muldiv_unit/genblk1[0].multiplier/U347/ZN (AOI21V2_8TL50)
                                                          0.03       1.57 r
  core/execute/alu_unit/genblk1[0].muldiv_unit/genblk1[0].multiplier/U348/ZN (OAI21V2_8TL50)
                                                          0.02       1.60 f
  core/execute/alu_unit/genblk1[0].muldiv_unit/genblk1[0].multiplier/U2520/ZN (AOI21V2_8TL50)
                                                          0.03       1.63 r
  core/execute/alu_unit/genblk1[0].muldiv_unit/genblk1[0].multiplier/U349/ZN (OAI21V2_8TL50)
                                                          0.02       1.65 f
  core/execute/alu_unit/genblk1[0].muldiv_unit/genblk1[0].multiplier/U2/Z (AO21V2_8TL50)
                                                          0.05       1.70 f
  core/execute/alu_unit/genblk1[0].muldiv_unit/genblk1[0].multiplier/U2572/CO (AD1V2C_8TL50)
                                                          0.05       1.75 f
  core/execute/alu_unit/genblk1[0].muldiv_unit/genblk1[0].multiplier/U2537/Z (AO21V2_8TL50)
                                                          0.05       1.80 f
  core/execute/alu_unit/genblk1[0].muldiv_unit/genblk1[0].multiplier/U469/CO (AD1V2C_8TL50)
                                                          0.05       1.85 f
  core/execute/alu_unit/genblk1[0].muldiv_unit/genblk1[0].multiplier/U2563/CO (AD1V2C_8TL50)
                                                          0.05       1.91 f
  core/execute/alu_unit/genblk1[0].muldiv_unit/genblk1[0].multiplier/U2559/CO (AD1V2C_8TL50)
                                                          0.05       1.96 f
  core/execute/alu_unit/genblk1[0].muldiv_unit/genblk1[0].multiplier/U350/CO (AD1V2C_8TL50)
                                                          0.05       2.01 f
  core/execute/alu_unit/genblk1[0].muldiv_unit/genblk1[0].multiplier/U2554/CO (AD1V2C_8TL50)
                                                          0.05       2.07 f
  core/execute/alu_unit/genblk1[0].muldiv_unit/genblk1[0].multiplier/U2551/CO (AD1V2C_8TL50)
                                                          0.05       2.12 f
  core/execute/alu_unit/genblk1[0].muldiv_unit/genblk1[0].multiplier/U2548/CO (AD1V2C_8TL50)
                                                          0.05       2.18 f
  core/execute/alu_unit/genblk1[0].muldiv_unit/genblk1[0].multiplier/U2540/CO (AD1V2C_8TL50)
                                                          0.05       2.23 f
  core/execute/alu_unit/genblk1[0].muldiv_unit/genblk1[0].multiplier/U470/Z (XOR2V2_8TL50)
                                                          0.04       2.26 r
  core/execute/alu_unit/genblk1[0].muldiv_unit/genblk1[0].multiplier/U2545/Z (CKMUX2V2_8TL50)
                                                          0.03       2.29 r
  core/execute/alu_unit/genblk1[0].muldiv_unit/genblk1[0].multiplier/genblk2.prod_r_reg[0][63]/D (DQV2_8TL50)
                                                          0.00       2.29 r
  data arrival time                                                  2.29

  clock VCLK (rise edge)                                  2.50       2.50
  clock network delay (ideal)                             0.00       2.50
  clock uncertainty                                      -0.20       2.30
  core/execute/alu_unit/genblk1[0].muldiv_unit/genblk1[0].multiplier/genblk2.prod_r_reg[0][63]/CK (DQV2_8TL50)
                                                          0.00       2.30 r
  library setup time                                     -0.01       2.29
  data required time                                                 2.29
  --------------------------------------------------------------------------
  data required time                                                 2.29
  data arrival time                                                 -2.29
  --------------------------------------------------------------------------
  slack (MET)                                                        0.00


1
