 
****************************************
Report : area
Design : VX_core_top
Version: T-2022.03-SP2
Date   : Sat Mar 28 01:51:03 2026
****************************************

Library(s) Used:

    scc40nll_hdc50_lvt_ff_v1p21_0c_basic (File: /home/lao/works/backend-example/test/lib/scc40nll_hdc50_lvt_ff_v1p21_0c_basic.db)

Number of ports:                       101893
Number of nets:                        188372
Number of cells:                       115424
Number of combinational cells:          81034
Number of sequential cells:             32395
Number of macros/black boxes:               0
Number of buf/inv:                      12355
Number of references:                       1

Combinational area:              97414.092670
Buf/Inv area:                     5726.873562
Noncombinational area:          110357.226805
Macro/Black Box area:                0.000000
Net Interconnect area:      undefined  (No wire load specified)

Total cell area:                207771.319475
Total area:                 undefined
1
