 
****************************************
Report : qor
Design : VX_core_top
Version: T-2022.03-SP2
Date   : Sat Mar 28 01:51:05 2026
****************************************


  Timing Path Group 'VCLK'
  -----------------------------------
  Levels of Logic:              44.00
  Critical Path Length:          2.29
  Critical Path Slack:           0.00
  Critical Path Clk Period:      2.50
  Total Negative Slack:          0.00
  No. of Violating Paths:        0.00
  Worst Hold Violation:         -0.04
  Total Hold Violation:        -28.50
  No. of Hold Violations:    26790.00
  -----------------------------------


  Cell Count
  -----------------------------------
  Hierarchical Cell Count:        304
  Hierarchical Port Count:     101251
  Leaf Cell Count:             113429
  Buf/Inv Cell Count:           12355
  Buf Cell Count:                2180
  Inv Cell Count:               10175
  CT Buf/Inv Cell Count:            0
  Combinational Cell Count:     81034
  Sequential Cell Count:        32395
  Macro Count:                      0
  -----------------------------------


  Area
  -----------------------------------
  Combinational Area:    97414.092670
  Noncombinational Area:
                        110357.226805
  Buf/Inv Area:           5726.873562
  Total Buffer Area:          1391.92
  Total Inverter Area:        4334.95
  Macro/Black Box Area:      0.000000
  Net Area:                  0.000000
  -----------------------------------
  Cell Area:            207771.319475
  Design Area:          207771.319475


  Design Rules
  -----------------------------------
  Total Number of Nets:        119632
  Nets With Violations:             0
  Max Trans Violations:             0
  Max Cap Violations:               0
  -----------------------------------


  Hostname: edatools

  Compile CPU Statistics
  -----------------------------------------
  Resource Sharing:                   11.72
  Logic Optimization:                 33.10
  Mapping Optimization:              173.07
  -----------------------------------------
  Overall Compile Time:              527.35
  Overall Compile Wall Clock Time:   561.06

  --------------------------------------------------------------------

  Design  WNS: 0.00  TNS: 0.00  Number of Violating Paths: 0


  Design (Hold)  WNS: 0.04  TNS: 28.50  Number of Violating Paths: 26790

  --------------------------------------------------------------------


1
