 
****************************************
Report : area
Design : VX_core_top
Version: T-2022.03-SP2
Date   : Sat Mar 28 06:37:59 2026
****************************************

Library(s) Used:

    scc40nll_hdc50_lvt_ff_v1p21_0c_basic (File: /home/lao/works/backend-example/test/lib/scc40nll_hdc50_lvt_ff_v1p21_0c_basic.db)

Number of ports:                       101893
Number of nets:                        196836
Number of cells:                       124000
Number of combinational cells:          89609
Number of sequential cells:             32395
Number of macros/black boxes:               0
Number of buf/inv:                      14828
Number of references:                       1

Combinational area:             106632.163266
Buf/Inv area:                     7194.980756
Noncombinational area:          110415.746812
Macro/Black Box area:                0.000000
Net Interconnect area:      undefined  (No wire load specified)

Total cell area:                217047.910078
Total area:                 undefined
1
