 
****************************************
Report : qor
Design : VX_core_top
Version: T-2022.03-SP2
Date   : Sat Mar 28 06:38:01 2026
****************************************


  Timing Path Group 'VCLK'
  -----------------------------------
  Levels of Logic:              23.00
  Critical Path Length:          0.79
  Critical Path Slack:           0.00
  Critical Path Clk Period:      1.00
  Total Negative Slack:          0.00
  No. of Violating Paths:        0.00
  Worst Hold Violation:         -0.04
  Total Hold Violation:        -30.87
  No. of Hold Violations:    26340.00
  -----------------------------------


  Cell Count
  -----------------------------------
  Hierarchical Cell Count:        304
  Hierarchical Port Count:     101251
  Leaf Cell Count:             122004
  Buf/Inv Cell Count:           14828
  Buf Cell Count:                2271
  Inv Cell Count:               12557
  CT Buf/Inv Cell Count:            0
  Combinational Cell Count:     89609
  Sequential Cell Count:        32395
  Macro Count:                      0
  -----------------------------------


  Area
  -----------------------------------
  Combinational Area:   106632.163266
  Noncombinational Area:
                        110415.746812
  Buf/Inv Area:           7194.980756
  Total Buffer Area:          1504.50
  Total Inverter Area:        5690.48
  Macro/Black Box Area:      0.000000
  Net Area:                  0.000000
  -----------------------------------
  Cell Area:            217047.910078
  Design Area:          217047.910078


  Design Rules
  -----------------------------------
  Total Number of Nets:        128096
  Nets With Violations:            20
  Max Trans Violations:             0
  Max Cap Violations:               0
  Max Fanout Violations:           20
  -----------------------------------


  Hostname: edatools

  Compile CPU Statistics
  -----------------------------------------
  Resource Sharing:                   11.72
  Logic Optimization:                 47.97
  Mapping Optimization:              536.22
  -----------------------------------------
  Overall Compile Time:              898.10
  Overall Compile Wall Clock Time:   930.74

  --------------------------------------------------------------------

  Design  WNS: 0.00  TNS: 0.00  Number of Violating Paths: 0


  Design (Hold)  WNS: 0.04  TNS: 30.87  Number of Violating Paths: 26340

  --------------------------------------------------------------------


1
