 
****************************************
Report : power
        -analysis_effort low
Design : VX_core_top
Version: T-2022.03-SP2
Date   : Sat Mar 28 06:38:00 2026
****************************************


Library(s) Used:

    scc40nll_hdc50_lvt_ff_v1p21_0c_basic (File: /home/lao/works/backend-example/test/lib/scc40nll_hdc50_lvt_ff_v1p21_0c_basic.db)


Operating Conditions: ff_v1p21_0c   Library: scc40nll_hdc50_lvt_ff_v1p21_0c_basic
Wire Load Model Mode: top


Global Operating Voltage = 1.21 
Power-specific unit information :
    Voltage Units = 1V
    Capacitance Units = 1.000000pf
    Time Units = 1ns
    Dynamic Power Units = 1mW    (derived from V,C,T units)
    Leakage Power Units = 1uW


Attributes
----------
i - Including register clock pin internal power


  Cell Internal Power  = 209.1378 mW   (99%)
  Net Switching Power  =   1.5518 mW    (1%)
                         ---------
Total Dynamic Power    = 210.6895 mW  (100%)

Cell Leakage Power     = 303.6784 uW


                 Internal         Switching           Leakage            Total
Power Group      Power            Power               Power              Power   (   %    )  Attrs
--------------------------------------------------------------------------------------------------
io_pad             0.0000            0.0000            0.0000            0.0000  (   0.00%)
memory             0.0000            0.0000            0.0000            0.0000  (   0.00%)
black_box          0.0000            0.0000            0.0000            0.0000  (   0.00%)
clock_network    208.1172            0.0000            0.0000            0.0000  (   0.00%)  i
register           0.2823            0.2107          157.8112          208.7706  (  98.96%)
sequential         0.0000            0.0000            0.0000            0.0000  (   0.00%)
combinational      0.7014            1.3410          145.8672            2.1884  (   1.04%)
--------------------------------------------------------------------------------------------------
Total            209.1009 mW         1.5517 mW       303.6784 uW       210.9591 mW
1
