 
****************************************
Report : power
        -analysis_effort low
Design : VX_core_top
Version: T-2022.03-SP2
Date   : Sat Mar 28 05:42:17 2026
****************************************


Library(s) Used:

    scc40nll_hdc50_lvt_ff_v1p21_0c_basic (File: /home/lao/works/backend-example/test/lib/scc40nll_hdc50_lvt_ff_v1p21_0c_basic.db)


Operating Conditions: ff_v1p21_0c   Library: scc40nll_hdc50_lvt_ff_v1p21_0c_basic
Wire Load Model Mode: top


Global Operating Voltage = 1.21 
Power-specific unit information :
    Voltage Units = 1V
    Capacitance Units = 1.000000pf
    Time Units = 1ns
    Dynamic Power Units = 1mW    (derived from V,C,T units)
    Leakage Power Units = 1uW


Attributes
----------
i - Including register clock pin internal power


  Cell Internal Power  = 167.2658 mW   (99%)
  Net Switching Power  =   1.2134 mW    (1%)
                         ---------
Total Dynamic Power    = 168.4792 mW  (100%)

Cell Leakage Power     = 288.6156 uW


                 Internal         Switching           Leakage            Total
Power Group      Power            Power               Power              Power   (   %    )  Attrs
--------------------------------------------------------------------------------------------------
io_pad             0.0000            0.0000            0.0000            0.0000  (   0.00%)
memory             0.0000            0.0000            0.0000            0.0000  (   0.00%)
black_box          0.0000            0.0000            0.0000            0.0000  (   0.00%)
clock_network    166.5352            0.0000            0.0000            0.0000  (   0.00%)  i
register           0.2164            0.1561          157.6439          167.0655  (  98.98%)
sequential         0.0000            0.0000            0.0000            0.0000  (   0.00%)
combinational      0.5398            1.0573          130.9717            1.7279  (   1.02%)
--------------------------------------------------------------------------------------------------
Total            167.2914 mW         1.2134 mW       288.6156 uW       168.7934 mW
1
