 
****************************************
Report : qor
Design : VX_core_top
Version: T-2022.03-SP2
Date   : Sat Mar 28 05:42:18 2026
****************************************


  Timing Path Group 'VCLK'
  -----------------------------------
  Levels of Logic:              29.00
  Critical Path Length:          1.05
  Critical Path Slack:           0.00
  Critical Path Clk Period:      1.25
  Total Negative Slack:          0.00
  No. of Violating Paths:        0.00
  Worst Hold Violation:         -0.04
  Total Hold Violation:        -27.31
  No. of Hold Violations:    26413.00
  -----------------------------------


  Cell Count
  -----------------------------------
  Hierarchical Cell Count:        304
  Hierarchical Port Count:     101251
  Leaf Cell Count:             117987
  Buf/Inv Cell Count:           13695
  Buf Cell Count:                2102
  Inv Cell Count:               11593
  CT Buf/Inv Cell Count:            0
  Combinational Cell Count:     85592
  Sequential Cell Count:        32395
  Macro Count:                      0
  -----------------------------------


  Area
  -----------------------------------
  Combinational Area:   100476.923122
  Noncombinational Area:
                        110365.526006
  Buf/Inv Area:           6300.795150
  Total Buffer Area:          1343.19
  Total Inverter Area:        4957.60
  Macro/Black Box Area:      0.000000
  Net Area:                  0.000000
  -----------------------------------
  Cell Area:            210842.449129
  Design Area:          210842.449129


  Design Rules
  -----------------------------------
  Total Number of Nets:        124088
  Nets With Violations:             3
  Max Trans Violations:             0
  Max Cap Violations:               0
  Max Fanout Violations:            3
  -----------------------------------


  Hostname: edatools

  Compile CPU Statistics
  -----------------------------------------
  Resource Sharing:                   11.90
  Logic Optimization:                 47.16
  Mapping Optimization:              193.14
  -----------------------------------------
  Overall Compile Time:              550.35
  Overall Compile Wall Clock Time:   579.39

  --------------------------------------------------------------------

  Design  WNS: 0.00  TNS: 0.00  Number of Violating Paths: 0


  Design (Hold)  WNS: 0.04  TNS: 27.31  Number of Violating Paths: 26413

  --------------------------------------------------------------------


1
