 
****************************************
Report : area
Design : VX_core_top
Version: T-2022.03-SP2
Date   : Sat Mar 28 05:42:17 2026
****************************************

Library(s) Used:

    scc40nll_hdc50_lvt_ff_v1p21_0c_basic (File: /home/lao/works/backend-example/test/lib/scc40nll_hdc50_lvt_ff_v1p21_0c_basic.db)

Number of ports:                       101893
Number of nets:                        192828
Number of cells:                       119982
Number of combinational cells:          85592
Number of sequential cells:             32395
Number of macros/black boxes:               0
Number of buf/inv:                      13695
Number of references:                       1

Combinational area:             100476.923122
Buf/Inv area:                     6300.795150
Noncombinational area:          110365.526006
Macro/Black Box area:                0.000000
Net Interconnect area:      undefined  (No wire load specified)

Total cell area:                210842.449129
Total area:                 undefined
1
