 
****************************************
Report : area
Design : VX_core_top
Version: T-2022.03-SP2
Date   : Sat Mar 28 04:32:48 2026
****************************************

Library(s) Used:

    scc40nll_hdc50_lvt_ff_v1p21_0c_basic (File: /home/lao/works/backend-example/test/lib/scc40nll_hdc50_lvt_ff_v1p21_0c_basic.db)

Number of ports:                       101893
Number of nets:                        189592
Number of cells:                       116727
Number of combinational cells:          82337
Number of sequential cells:             32395
Number of macros/black boxes:               0
Number of buf/inv:                      12715
Number of references:                       1

Combinational area:              98317.428708
Buf/Inv area:                     5879.876758
Noncombinational area:          110358.078005
Macro/Black Box area:                0.000000
Net Interconnect area:      undefined  (No wire load specified)

Total cell area:                208675.506714
Total area:                 undefined
1
