Information: Updating design information... (UID-85)
Warning: Design 'VX_core_top' contains 1 high-fanout nets. A fanout number of 1000 will be used for delay calculations involving these nets. (TIM-134)
 
****************************************
Report : timing
        -path full
        -delay max
        -max_paths 1
Design : VX_core_top
Version: T-2022.03-SP2
Date   : Fri Mar 27 22:55:58 2026
****************************************

 # A fanout number of 1000 was used for high fanout net computations.

Operating Conditions: ff_v1p21_0c   Library: scc40nll_hdc50_lvt_ff_v1p21_0c_basic
Wire Load Model Mode: top

  Startpoint: core/issue/issue_slices[0].issue_slice/dispatch/genblk2[0].buffer/genblk1.out_buf/genblk1.genblk1[0].pipe_register/genblk1.genblk1.genblk1.value_d_reg[427]
              (rising edge-triggered flip-flop clocked by VCLK)
  Endpoint: core/execute/alu_unit/genblk1[0].alu_int/rsp_buf/genblk1.pipe_buffer/genblk1.genblk1[0].pipe_register/genblk1.genblk1.genblk1.value_d_reg[70]
            (rising edge-triggered flip-flop clocked by VCLK)
  Path Group: VCLK
  Path Type: max

  Point                                                   Incr       Path
  --------------------------------------------------------------------------
  clock VCLK (rise edge)                                  0.00       0.00
  clock network delay (ideal)                             0.00       0.00
  core/issue/issue_slices[0].issue_slice/dispatch/genblk2[0].buffer/genblk1.out_buf/genblk1.genblk1[0].pipe_register/genblk1.genblk1.genblk1.value_d_reg[427]/CK (DQV2_8TL50)
                                                          0.00 #     0.00 r
  core/issue/issue_slices[0].issue_slice/dispatch/genblk2[0].buffer/genblk1.out_buf/genblk1.genblk1[0].pipe_register/genblk1.genblk1.genblk1.value_d_reg[427]/Q (DQV2_8TL50)
                                                          0.11       0.11 f
  core/issue/issue_slices[0].issue_slice/dispatch/genblk2[0].buffer/genblk1.out_buf/genblk1.genblk1[0].pipe_register/data_out[427] (VX_pipe_register_DATAW515_RESETW1_2)
                                                          0.00       0.11 f
  core/issue/issue_slices[0].issue_slice/dispatch/genblk2[0].buffer/genblk1.out_buf/data_out[427] (VX_pipe_buffer_DATAW514_DEPTH1_2)
                                                          0.00       0.11 f
  core/issue/issue_slices[0].issue_slice/dispatch/genblk2[0].buffer/data_out[427] (VX_elastic_buffer_DATAW514_SIZE2_OUT_REG2_LUTRAM1_2)
                                                          0.00       0.11 f
  core/issue/issue_slices[0].issue_slice/dispatch/dispatch_if[0].data[op_args][35] (VX_dispatch_INSTANCE_ID_I_operands_if_VX_operands_if__I_dispatch_if_VX_dispatch_if_master_)
                                                          0.00       0.11 f
  core/issue/issue_slices[0].issue_slice/dispatch_if[0].data[op_args][35] (VX_issue_slice_INSTANCE_ID_ISSUE_ID0_I_decode_if_VX_decode_if__NUM_WARPS_4I_writeback_if_VX_writeback_if_slave_I_dispatch_if_VX_dispatch_if__)
                                                          0.00       0.11 f
  core/issue/dispatch_if[0].data[op_args][35] (VX_issue_INSTANCE_ID_I_decode_if_VX_decode_if__I_writeback_if_VX_writeback_if__I_dispatch_if_VX_dispatch_if__)
                                                          0.00       0.11 f
  core/execute/dispatch_if[0].data[op_args][35] (VX_execute_INSTANCE_ID_CORE_ID0_I_lsu_mem_if_VX_lsu_mem_if__NUM_LANES_4_DATA_SIZE_4_TAG_WIDTH_45I_dispatch_if_VX_dispatch_if__I_commit_if_VX_commit_if__I_sched_csr_if_VX_sched_csr_if__I_branch_ctl_if_VX_branch_ctl_if__I_warp_ctl_if_VX_warp_ctl_if__I_commit_csr_if_VX_commit_csr_if__)
                                                          0.00       0.11 f
  core/execute/alu_unit/dispatch_if[0].data[op_args][35] (VX_alu_unit_INSTANCE_ID_I_dispatch_if_VX_dispatch_if__I_commit_if_VX_commit_if__I_branch_ctl_if_VX_branch_ctl_if_master_)
                                                          0.00       0.11 f
  core/execute/alu_unit/dispatch_unit/dispatch_if[0].data[op_args][35] (VX_dispatch_unit_BLOCK_SIZE1_NUM_LANES4_OUT_BUF0_I_dispatch_if_VX_dispatch_if_slave_I_execute_if_VX_execute_if__NUM_LANES_4)
                                                          0.00       0.11 f
  core/execute/alu_unit/dispatch_unit/genblk3[0].buf_out/data_in[430] (VX_elastic_buffer_DATAW517_SIZE0_OUT_REG0)
                                                          0.00       0.11 f
  core/execute/alu_unit/dispatch_unit/genblk3[0].buf_out/data_out[430] (VX_elastic_buffer_DATAW517_SIZE0_OUT_REG0)
                                                          0.00       0.11 f
  core/execute/alu_unit/dispatch_unit/execute_if[0].data[op_args][35] (VX_dispatch_unit_BLOCK_SIZE1_NUM_LANES4_OUT_BUF0_I_dispatch_if_VX_dispatch_if_slave_I_execute_if_VX_execute_if__NUM_LANES_4)
                                                          0.00       0.11 f
  core/execute/alu_unit/genblk1[0].alu_int/execute_if.data[op_args][35] (VX_alu_int_INSTANCE_ID_BLOCK_IDX0_NUM_LANES4_I_execute_if_VX_execute_if__NUM_LANES_4I_commit_if_VX_commit_if__NUM_LANES_4I_branch_ctl_if_VX_branch_ctl_if_master_)
                                                          0.00       0.11 f
  core/execute/alu_unit/genblk1[0].alu_int/U294/ZN (CLKNV12_8TL50)
                                                          0.02       0.14 r
  core/execute/alu_unit/genblk1[0].alu_int/U222/Z (BUFV2_8TL50)
                                                          0.05       0.19 r
  core/execute/alu_unit/genblk1[0].alu_int/U98/ZN (INV2_8TL50)
                                                          0.04       0.23 f
  core/execute/alu_unit/genblk1[0].alu_int/U114/Z (AND2V2_8TL50)
                                                          0.05       0.28 f
  core/execute/alu_unit/genblk1[0].alu_int/U32/ZN (INV2_8TL50)
                                                          0.07       0.35 r
  core/execute/alu_unit/genblk1[0].alu_int/U1074/ZN (IOA21V2_8TL50)
                                                          0.04       0.39 r
  core/execute/alu_unit/genblk1[0].alu_int/U1075/ZN (NAND2V2_8TL50)
                                                          0.03       0.42 f
  core/execute/alu_unit/genblk1[0].alu_int/intadd_3/U32/CO (AD1V2C_8TL50)
                                                          0.06       0.48 f
  core/execute/alu_unit/genblk1[0].alu_int/intadd_3/U31/CO (AD1V2C_8TL50)
                                                          0.05       0.53 f
  core/execute/alu_unit/genblk1[0].alu_int/intadd_3/U30/CO (AD1V2C_8TL50)
                                                          0.05       0.59 f
  core/execute/alu_unit/genblk1[0].alu_int/intadd_3/U29/CO (AD1V2C_8TL50)
                                                          0.05       0.64 f
  core/execute/alu_unit/genblk1[0].alu_int/intadd_3/U28/CO (AD1V2C_8TL50)
                                                          0.05       0.70 f
  core/execute/alu_unit/genblk1[0].alu_int/intadd_3/U27/CO (AD1V2C_8TL50)
                                                          0.05       0.75 f
  core/execute/alu_unit/genblk1[0].alu_int/intadd_3/U26/CO (AD1V2C_8TL50)
                                                          0.05       0.80 f
  core/execute/alu_unit/genblk1[0].alu_int/intadd_3/U25/CO (AD1V2C_8TL50)
                                                          0.05       0.86 f
  core/execute/alu_unit/genblk1[0].alu_int/intadd_3/U24/CO (AD1V2C_8TL50)
                                                          0.05       0.91 f
  core/execute/alu_unit/genblk1[0].alu_int/intadd_3/U23/CO (AD1V2C_8TL50)
                                                          0.05       0.97 f
  core/execute/alu_unit/genblk1[0].alu_int/intadd_3/U22/CO (AD1V2C_8TL50)
                                                          0.05       1.02 f
  core/execute/alu_unit/genblk1[0].alu_int/intadd_3/U21/CO (AD1V2C_8TL50)
                                                          0.05       1.07 f
  core/execute/alu_unit/genblk1[0].alu_int/intadd_3/U20/CO (AD1V2C_8TL50)
                                                          0.05       1.13 f
  core/execute/alu_unit/genblk1[0].alu_int/intadd_3/U19/CO (AD1V2C_8TL50)
                                                          0.05       1.18 f
  core/execute/alu_unit/genblk1[0].alu_int/intadd_3/U18/CO (AD1V2C_8TL50)
                                                          0.05       1.24 f
  core/execute/alu_unit/genblk1[0].alu_int/intadd_3/U17/CO (AD1V2C_8TL50)
                                                          0.05       1.29 f
  core/execute/alu_unit/genblk1[0].alu_int/intadd_3/U16/CO (AD1V2C_8TL50)
                                                          0.05       1.35 f
  core/execute/alu_unit/genblk1[0].alu_int/intadd_3/U15/CO (AD1V2C_8TL50)
                                                          0.05       1.40 f
  core/execute/alu_unit/genblk1[0].alu_int/intadd_3/U14/CO (AD1V2C_8TL50)
                                                          0.05       1.45 f
  core/execute/alu_unit/genblk1[0].alu_int/intadd_3/U13/CO (AD1V2C_8TL50)
                                                          0.05       1.51 f
  core/execute/alu_unit/genblk1[0].alu_int/intadd_3/U12/CO (AD1V2C_8TL50)
                                                          0.05       1.56 f
  core/execute/alu_unit/genblk1[0].alu_int/intadd_3/U11/CO (AD1V2C_8TL50)
                                                          0.05       1.62 f
  core/execute/alu_unit/genblk1[0].alu_int/intadd_3/U10/CO (AD1V2C_8TL50)
                                                          0.05       1.67 f
  core/execute/alu_unit/genblk1[0].alu_int/intadd_3/U9/CO (AD1V2C_8TL50)
                                                          0.05       1.72 f
  core/execute/alu_unit/genblk1[0].alu_int/intadd_3/U8/CO (AD1V2C_8TL50)
                                                          0.05       1.78 f
  core/execute/alu_unit/genblk1[0].alu_int/intadd_3/U7/CO (AD1V2C_8TL50)
                                                          0.05       1.83 f
  core/execute/alu_unit/genblk1[0].alu_int/intadd_3/U6/CO (AD1V2C_8TL50)
                                                          0.05       1.89 f
  core/execute/alu_unit/genblk1[0].alu_int/intadd_3/U5/CO (AD1V2C_8TL50)
                                                          0.05       1.94 f
  core/execute/alu_unit/genblk1[0].alu_int/intadd_3/U4/CO (AD1V2C_8TL50)
                                                          0.05       1.99 f
  core/execute/alu_unit/genblk1[0].alu_int/intadd_3/U3/CO (AD1V2C_8TL50)
                                                          0.05       2.05 f
  core/execute/alu_unit/genblk1[0].alu_int/intadd_3/U2/S (AD1V2C_8TL50)
                                                          0.06       2.10 f
  core/execute/alu_unit/genblk1[0].alu_int/U3175/ZN (NOR4V2_8TL50)
                                                          0.05       2.15 r
  core/execute/alu_unit/genblk1[0].alu_int/U3176/ZN (NAND4V2_8TL50)
                                                          0.03       2.18 f
  core/execute/alu_unit/genblk1[0].alu_int/U3178/ZN (OAI31V2_8TL50)
                                                          0.04       2.22 r
  core/execute/alu_unit/genblk1[0].alu_int/U3179/ZN (AOI211V2_8TL50)
                                                          0.01       2.24 f
  core/execute/alu_unit/genblk1[0].alu_int/U3187/ZN (OAI211V2_8TL50)
                                                          0.02       2.25 r
  core/execute/alu_unit/genblk1[0].alu_int/rsp_buf/data_in[70] (VX_elastic_buffer_DATAW256)
                                                          0.00       2.25 r
  core/execute/alu_unit/genblk1[0].alu_int/rsp_buf/genblk1.pipe_buffer/data_in[70] (VX_pipe_buffer_DATAW256)
                                                          0.00       2.25 r
  core/execute/alu_unit/genblk1[0].alu_int/rsp_buf/genblk1.pipe_buffer/genblk1.genblk1[0].pipe_register/data_in[70] (VX_pipe_register_DATAW257_RESETW1)
                                                          0.00       2.25 r
  core/execute/alu_unit/genblk1[0].alu_int/rsp_buf/genblk1.pipe_buffer/genblk1.genblk1[0].pipe_register/U53/Z (AO22V2_8TL50)
                                                          0.04       2.29 r
  core/execute/alu_unit/genblk1[0].alu_int/rsp_buf/genblk1.pipe_buffer/genblk1.genblk1[0].pipe_register/genblk1.genblk1.genblk1.value_d_reg[70]/D (DQV2_8TL50)
                                                          0.00       2.29 r
  data arrival time                                                  2.29

  clock VCLK (rise edge)                                  2.50       2.50
  clock network delay (ideal)                             0.00       2.50
  clock uncertainty                                      -0.20       2.30
  core/execute/alu_unit/genblk1[0].alu_int/rsp_buf/genblk1.pipe_buffer/genblk1.genblk1[0].pipe_register/genblk1.genblk1.genblk1.value_d_reg[70]/CK (DQV2_8TL50)
                                                          0.00       2.30 r
  library setup time                                     -0.01       2.29
  data required time                                                 2.29
  --------------------------------------------------------------------------
  data required time                                                 2.29
  data arrival time                                                 -2.29
  --------------------------------------------------------------------------
  slack (MET)                                                        0.00


1
