Information: Updating design information... (UID-85)
Warning: Design 'VX_core_top' contains 1 high-fanout nets. A fanout number of 1000 will be used for delay calculations involving these nets. (TIM-134)
 
****************************************
Report : timing
        -path full
        -delay max
        -max_paths 1
Design : VX_core_top
Version: T-2022.03-SP2
Date   : Sat Mar 28 05:07:01 2026
****************************************

 # A fanout number of 1000 was used for high fanout net computations.

Operating Conditions: ff_v1p21_0c   Library: scc40nll_hdc50_lvt_ff_v1p21_0c_basic
Wire Load Model Mode: top

  Startpoint: core/issue/issue_slices[0].issue_slice/dispatch/genblk2[0].buffer/genblk1.out_buf/genblk1.genblk1[0].pipe_register/genblk1.genblk1.genblk1.value_d_reg[427]
              (rising edge-triggered flip-flop clocked by VCLK)
  Endpoint: core/execute/alu_unit/genblk1[0].alu_int/rsp_buf/genblk1.pipe_buffer/genblk1.genblk1[0].pipe_register/genblk1.genblk1.genblk1.value_d_reg[164]
            (rising edge-triggered flip-flop clocked by VCLK)
  Path Group: VCLK
  Path Type: max

  Point                                                   Incr       Path
  --------------------------------------------------------------------------
  clock VCLK (rise edge)                                  0.00       0.00
  clock network delay (ideal)                             0.00       0.00
  core/issue/issue_slices[0].issue_slice/dispatch/genblk2[0].buffer/genblk1.out_buf/genblk1.genblk1[0].pipe_register/genblk1.genblk1.genblk1.value_d_reg[427]/CK (DQV4_8TL50)
                                                          0.00 #     0.00 r
  core/issue/issue_slices[0].issue_slice/dispatch/genblk2[0].buffer/genblk1.out_buf/genblk1.genblk1[0].pipe_register/genblk1.genblk1.genblk1.value_d_reg[427]/Q (DQV4_8TL50)
                                                          0.10       0.10 r
  core/issue/issue_slices[0].issue_slice/dispatch/genblk2[0].buffer/genblk1.out_buf/genblk1.genblk1[0].pipe_register/data_out[427] (VX_pipe_register_DATAW515_RESETW1_2)
                                                          0.00       0.10 r
  core/issue/issue_slices[0].issue_slice/dispatch/genblk2[0].buffer/genblk1.out_buf/data_out[427] (VX_pipe_buffer_DATAW514_DEPTH1_2)
                                                          0.00       0.10 r
  core/issue/issue_slices[0].issue_slice/dispatch/genblk2[0].buffer/data_out[427] (VX_elastic_buffer_DATAW514_SIZE2_OUT_REG2_LUTRAM1_2)
                                                          0.00       0.10 r
  core/issue/issue_slices[0].issue_slice/dispatch/dispatch_if[0].data[op_args][35] (VX_dispatch_INSTANCE_ID_I_operands_if_VX_operands_if__I_dispatch_if_VX_dispatch_if_master_)
                                                          0.00       0.10 r
  core/issue/issue_slices[0].issue_slice/dispatch_if[0].data[op_args][35] (VX_issue_slice_INSTANCE_ID_ISSUE_ID0_I_decode_if_VX_decode_if__NUM_WARPS_4I_writeback_if_VX_writeback_if_slave_I_dispatch_if_VX_dispatch_if__)
                                                          0.00       0.10 r
  core/issue/dispatch_if[0].data[op_args][35] (VX_issue_INSTANCE_ID_I_decode_if_VX_decode_if__I_writeback_if_VX_writeback_if__I_dispatch_if_VX_dispatch_if__)
                                                          0.00       0.10 r
  core/execute/dispatch_if[0].data[op_args][35] (VX_execute_INSTANCE_ID_CORE_ID0_I_lsu_mem_if_VX_lsu_mem_if__NUM_LANES_4_DATA_SIZE_4_TAG_WIDTH_45I_dispatch_if_VX_dispatch_if__I_commit_if_VX_commit_if__I_sched_csr_if_VX_sched_csr_if__I_branch_ctl_if_VX_branch_ctl_if__I_warp_ctl_if_VX_warp_ctl_if__I_commit_csr_if_VX_commit_csr_if__)
                                                          0.00       0.10 r
  core/execute/alu_unit/dispatch_if[0].data[op_args][35] (VX_alu_unit_INSTANCE_ID_I_dispatch_if_VX_dispatch_if__I_commit_if_VX_commit_if__I_branch_ctl_if_VX_branch_ctl_if_master_)
                                                          0.00       0.10 r
  core/execute/alu_unit/dispatch_unit/dispatch_if[0].data[op_args][35] (VX_dispatch_unit_BLOCK_SIZE1_NUM_LANES4_OUT_BUF0_I_dispatch_if_VX_dispatch_if_slave_I_execute_if_VX_execute_if__NUM_LANES_4)
                                                          0.00       0.10 r
  core/execute/alu_unit/dispatch_unit/genblk3[0].buf_out/data_in[430] (VX_elastic_buffer_DATAW517_SIZE0_OUT_REG0)
                                                          0.00       0.10 r
  core/execute/alu_unit/dispatch_unit/genblk3[0].buf_out/data_out[430] (VX_elastic_buffer_DATAW517_SIZE0_OUT_REG0)
                                                          0.00       0.10 r
  core/execute/alu_unit/dispatch_unit/execute_if[0].data[op_args][35] (VX_dispatch_unit_BLOCK_SIZE1_NUM_LANES4_OUT_BUF0_I_dispatch_if_VX_dispatch_if_slave_I_execute_if_VX_execute_if__NUM_LANES_4)
                                                          0.00       0.10 r
  core/execute/alu_unit/genblk1[0].alu_int/execute_if.data[op_args][35] (VX_alu_int_INSTANCE_ID_BLOCK_IDX0_NUM_LANES4_I_execute_if_VX_execute_if__NUM_LANES_4I_commit_if_VX_commit_if__NUM_LANES_4I_branch_ctl_if_VX_branch_ctl_if_master_)
                                                          0.00       0.10 r
  core/execute/alu_unit/genblk1[0].alu_int/U667/Z (BUFV4_8TL50)
                                                          0.05       0.15 r
  core/execute/alu_unit/genblk1[0].alu_int/U15/Z (BUFV8_8TL50)
                                                          0.03       0.18 r
  core/execute/alu_unit/genblk1[0].alu_int/U1678/ZN (INV2_8TL50)
                                                          0.04       0.22 f
  core/execute/alu_unit/genblk1[0].alu_int/U1679/ZN (NAND2V2_8TL50)
                                                          0.02       0.24 r
  core/execute/alu_unit/genblk1[0].alu_int/U1680/ZN (NAND2V2_8TL50)
                                                          0.05       0.29 f
  core/execute/alu_unit/genblk1[0].alu_int/U1681/ZN (CLKNV12_8TL50)
                                                          0.02       0.31 r
  core/execute/alu_unit/genblk1[0].alu_int/U10/ZN (INV6_8TL50)
                                                          0.02       0.33 f
  core/execute/alu_unit/genblk1[0].alu_int/U1682/ZN (NOR2V2_8TL50)
                                                          0.04       0.37 r
  core/execute/alu_unit/genblk1[0].alu_int/U1686/ZN (NOR2V2_8TL50)
                                                          0.01       0.38 f
  core/execute/alu_unit/genblk1[0].alu_int/U1701/ZN (AOI21V2_8TL50)
                                                          0.03       0.41 r
  core/execute/alu_unit/genblk1[0].alu_int/U441/ZN (OAI21V2_8TL50)
                                                          0.02       0.43 f
  core/execute/alu_unit/genblk1[0].alu_int/U1730/ZN (AOI21V2_8TL50)
                                                          0.03       0.47 r
  core/execute/alu_unit/genblk1[0].alu_int/U1736/ZN (OAI21V2_8TL50)
                                                          0.02       0.49 f
  core/execute/alu_unit/genblk1[0].alu_int/U442/ZN (AOI21V2_8TL50)
                                                          0.04       0.53 r
  core/execute/alu_unit/genblk1[0].alu_int/U1748/ZN (OAI21V4_8TL50)
                                                          0.02       0.55 f
  core/execute/alu_unit/genblk1[0].alu_int/U140/ZN (AOI21V2_8TL50)
                                                          0.03       0.58 r
  core/execute/alu_unit/genblk1[0].alu_int/U28/ZN (OAI21V2_8TL50)
                                                          0.02       0.61 f
  core/execute/alu_unit/genblk1[0].alu_int/U114/ZN (AOI21V2_8TL50)
                                                          0.03       0.64 r
  core/execute/alu_unit/genblk1[0].alu_int/U116/ZN (OAI21V2_8TL50)
                                                          0.02       0.66 f
  core/execute/alu_unit/genblk1[0].alu_int/U118/ZN (AOI21V2_8TL50)
                                                          0.03       0.70 r
  core/execute/alu_unit/genblk1[0].alu_int/U120/ZN (OAI21V2_8TL50)
                                                          0.02       0.72 f
  core/execute/alu_unit/genblk1[0].alu_int/U2873/ZN (AOI21V2_8TL50)
                                                          0.03       0.76 r
  core/execute/alu_unit/genblk1[0].alu_int/U2880/ZN (OAI21V2_8TL50)
                                                          0.02       0.78 f
  core/execute/alu_unit/genblk1[0].alu_int/U2885/ZN (AOI21V2_8TL50)
                                                          0.03       0.81 r
  core/execute/alu_unit/genblk1[0].alu_int/U2891/ZN (OAI21V2_8TL50)
                                                          0.02       0.84 f
  core/execute/alu_unit/genblk1[0].alu_int/U2968/ZN (AOI21V2_8TL50)
                                                          0.03       0.87 r
  core/execute/alu_unit/genblk1[0].alu_int/U3073/ZN (OAI21V2_8TL50)
                                                          0.02       0.90 f
  core/execute/alu_unit/genblk1[0].alu_int/U3206/ZN (AOI21V2_8TL50)
                                                          0.03       0.93 r
  core/execute/alu_unit/genblk1[0].alu_int/U3296/ZN (OAI21V2_8TL50)
                                                          0.02       0.95 f
  core/execute/alu_unit/genblk1[0].alu_int/U3378/CO (AD1V2C_8TL50)
                                                          0.05       1.01 f
  core/execute/alu_unit/genblk1[0].alu_int/U3460/CO (AD1V2C_8TL50)
                                                          0.05       1.06 f
  core/execute/alu_unit/genblk1[0].alu_int/U4119/CO (AD1V2C_8TL50)
                                                          0.05       1.12 f
  core/execute/alu_unit/genblk1[0].alu_int/U4324/CO (AD1V2C_8TL50)
                                                          0.05       1.17 f
  core/execute/alu_unit/genblk1[0].alu_int/U4674/CO (AD1V2C_8TL50)
                                                          0.05       1.22 f
  core/execute/alu_unit/genblk1[0].alu_int/U4678/Z (XOR2V2_8TL50)
                                                          0.03       1.25 f
  core/execute/alu_unit/genblk1[0].alu_int/U4692/ZN (AOI211V2_8TL50)
                                                          0.04       1.29 r
  core/execute/alu_unit/genblk1[0].alu_int/U481/ZN (IOA21V2_8TL50)
                                                          0.02       1.31 f
  core/execute/alu_unit/genblk1[0].alu_int/rsp_buf/data_in[164] (VX_elastic_buffer_DATAW256)
                                                          0.00       1.31 f
  core/execute/alu_unit/genblk1[0].alu_int/rsp_buf/genblk1.pipe_buffer/data_in[164] (VX_pipe_buffer_DATAW256)
                                                          0.00       1.31 f
  core/execute/alu_unit/genblk1[0].alu_int/rsp_buf/genblk1.pipe_buffer/genblk1.genblk1[0].pipe_register/data_in[164] (VX_pipe_register_DATAW257_RESETW1)
                                                          0.00       1.31 f
  core/execute/alu_unit/genblk1[0].alu_int/rsp_buf/genblk1.pipe_buffer/genblk1.genblk1[0].pipe_register/U222/Z (CKMUX2V2_8TL50)
                                                          0.03       1.34 f
  core/execute/alu_unit/genblk1[0].alu_int/rsp_buf/genblk1.pipe_buffer/genblk1.genblk1[0].pipe_register/genblk1.genblk1.genblk1.value_d_reg[164]/D (DQV2_8TL50)
                                                          0.00       1.34 f
  data arrival time                                                  1.34

  clock VCLK (rise edge)                                  1.54       1.54
  clock network delay (ideal)                             0.00       1.54
  clock uncertainty                                      -0.20       1.34
  core/execute/alu_unit/genblk1[0].alu_int/rsp_buf/genblk1.pipe_buffer/genblk1.genblk1[0].pipe_register/genblk1.genblk1.genblk1.value_d_reg[164]/CK (DQV2_8TL50)
                                                          0.00       1.34 r
  library setup time                                      0.00       1.34
  data required time                                                 1.34
  --------------------------------------------------------------------------
  data required time                                                 1.34
  data arrival time                                                 -1.34
  --------------------------------------------------------------------------
  slack (MET)                                                        0.00


1
