 
****************************************
Report : area
Design : VX_core_top
Version: T-2022.03-SP2
Date   : Sat Mar 28 02:08:10 2026
****************************************

Library(s) Used:

    scc40nll_hdc50_lvt_ff_v1p21_0c_basic (File: /home/lao/works/backend-example/test/lib/scc40nll_hdc50_lvt_ff_v1p21_0c_basic.db)

Number of ports:                       114845
Number of nets:                        264634
Number of cells:                       179814
Number of combinational cells:         124507
Number of sequential cells:             53226
Number of macros/black boxes:               0
Number of buf/inv:                      18630
Number of references:                       1

Combinational area:             147756.826040
Buf/Inv area:                     8685.219148
Noncombinational area:          181283.039918
Macro/Black Box area:                0.000000
Net Interconnect area:      undefined  (No wire load specified)

Total cell area:                329039.865958
Total area:                 undefined
1
