 
****************************************
Report : area
Design : VX_core_top
Version: T-2022.03-SP2
Date   : Sat Mar 28 03:59:31 2026
****************************************

Library(s) Used:

    scc40nll_hdc50_lvt_ff_v1p21_0c_basic (File: /home/lao/works/backend-example/test/lib/scc40nll_hdc50_lvt_ff_v1p21_0c_basic.db)

Number of ports:                       101893
Number of nets:                        188150
Number of cells:                       115178
Number of combinational cells:          80788
Number of sequential cells:             32395
Number of macros/black boxes:               0
Number of buf/inv:                      12273
Number of references:                       1

Combinational area:              97312.161462
Buf/Inv area:                     5691.548762
Noncombinational area:          110358.929205
Macro/Black Box area:                0.000000
Net Interconnect area:      undefined  (No wire load specified)

Total cell area:                207671.090668
Total area:                 undefined
1
