 
****************************************
Report : qor
Design : VX_core_top
Version: T-2022.03-SP2
Date   : Sat Mar 28 03:59:32 2026
****************************************


  Timing Path Group 'VCLK'
  -----------------------------------
  Levels of Logic:              71.00
  Critical Path Length:          2.64
  Critical Path Slack:           0.00
  Critical Path Clk Period:      2.85
  Total Negative Slack:          0.00
  No. of Violating Paths:        0.00
  Worst Hold Violation:         -0.04
  Total Hold Violation:        -28.50
  No. of Hold Violations:    26830.00
  -----------------------------------


  Cell Count
  -----------------------------------
  Hierarchical Cell Count:        304
  Hierarchical Port Count:     101251
  Leaf Cell Count:             113183
  Buf/Inv Cell Count:           12273
  Buf Cell Count:                2186
  Inv Cell Count:               10087
  CT Buf/Inv Cell Count:            0
  Combinational Cell Count:     80788
  Sequential Cell Count:        32395
  Macro Count:                      0
  -----------------------------------


  Area
  -----------------------------------
  Combinational Area:    97312.161462
  Noncombinational Area:
                        110358.929205
  Buf/Inv Area:           5691.548762
  Total Buffer Area:          1395.54
  Total Inverter Area:        4296.01
  Macro/Black Box Area:      0.000000
  Net Area:                  0.000000
  -----------------------------------
  Cell Area:            207671.090668
  Design Area:          207671.090668


  Design Rules
  -----------------------------------
  Total Number of Nets:        119410
  Nets With Violations:             0
  Max Trans Violations:             0
  Max Cap Violations:               0
  -----------------------------------


  Hostname: edatools

  Compile CPU Statistics
  -----------------------------------------
  Resource Sharing:                   11.76
  Logic Optimization:                 29.49
  Mapping Optimization:              177.69
  -----------------------------------------
  Overall Compile Time:              525.73
  Overall Compile Wall Clock Time:   556.24

  --------------------------------------------------------------------

  Design  WNS: 0.00  TNS: 0.00  Number of Violating Paths: 0


  Design (Hold)  WNS: 0.04  TNS: 28.50  Number of Violating Paths: 26830

  --------------------------------------------------------------------


1
