 
****************************************
Report : qor
Design : VX_core_top
Version: T-2022.03-SP2
Date   : Sat Mar 28 04:21:53 2026
****************************************


  Timing Path Group 'VCLK'
  -----------------------------------
  Levels of Logic:              50.00
  Critical Path Length:          2.01
  Critical Path Slack:           0.00
  Critical Path Clk Period:      2.22
  Total Negative Slack:          0.00
  No. of Violating Paths:        0.00
  Worst Hold Violation:         -0.04
  Total Hold Violation:        -28.49
  No. of Hold Violations:    26752.00
  -----------------------------------


  Cell Count
  -----------------------------------
  Hierarchical Cell Count:        304
  Hierarchical Port Count:     101251
  Leaf Cell Count:             113555
  Buf/Inv Cell Count:           12374
  Buf Cell Count:                2171
  Inv Cell Count:               10203
  CT Buf/Inv Cell Count:            0
  Combinational Cell Count:     81160
  Sequential Cell Count:        32395
  Macro Count:                      0
  -----------------------------------


  Area
  -----------------------------------
  Combinational Area:    97585.822280
  Noncombinational Area:
                        110358.290805
  Buf/Inv Area:           5739.854361
  Total Buffer Area:          1390.01
  Total Inverter Area:        4349.84
  Macro/Black Box Area:      0.000000
  Net Area:                  0.000000
  -----------------------------------
  Cell Area:            207944.113085
  Design Area:          207944.113085


  Design Rules
  -----------------------------------
  Total Number of Nets:        119747
  Nets With Violations:             0
  Max Trans Violations:             0
  Max Cap Violations:               0
  -----------------------------------


  Hostname: edatools

  Compile CPU Statistics
  -----------------------------------------
  Resource Sharing:                   11.90
  Logic Optimization:                 29.50
  Mapping Optimization:              161.20
  -----------------------------------------
  Overall Compile Time:              486.93
  Overall Compile Wall Clock Time:   514.73

  --------------------------------------------------------------------

  Design  WNS: 0.00  TNS: 0.00  Number of Violating Paths: 0


  Design (Hold)  WNS: 0.04  TNS: 28.49  Number of Violating Paths: 26752

  --------------------------------------------------------------------


1
