Information: Updating design information... (UID-85)
Warning: Design 'VX_core_top' contains 1 high-fanout nets. A fanout number of 1000 will be used for delay calculations involving these nets. (TIM-134)
 
****************************************
Report : timing
        -path full
        -delay max
        -max_paths 1
Design : VX_core_top
Version: T-2022.03-SP2
Date   : Sat Mar 28 04:21:52 2026
****************************************

 # A fanout number of 1000 was used for high fanout net computations.

Operating Conditions: ff_v1p21_0c   Library: scc40nll_hdc50_lvt_ff_v1p21_0c_basic
Wire Load Model Mode: top

  Startpoint: core/issue/issue_slices[0].issue_slice/dispatch/genblk2[0].buffer/genblk1.out_buf/genblk1.genblk1[0].pipe_register/genblk1.genblk1.genblk1.value_d_reg[128]
              (rising edge-triggered flip-flop clocked by VCLK)
  Endpoint: core/execute/alu_unit/genblk1[0].muldiv_unit/genblk1[0].multiplier/genblk2.prod_r_reg[0][63]
            (rising edge-triggered flip-flop clocked by VCLK)
  Path Group: VCLK
  Path Type: max

  Point                                                   Incr       Path
  --------------------------------------------------------------------------
  clock VCLK (rise edge)                                  0.00       0.00
  clock network delay (ideal)                             0.00       0.00
  core/issue/issue_slices[0].issue_slice/dispatch/genblk2[0].buffer/genblk1.out_buf/genblk1.genblk1[0].pipe_register/genblk1.genblk1.genblk1.value_d_reg[128]/CK (DQV2_8TL50)
                                                          0.00 #     0.00 r
  core/issue/issue_slices[0].issue_slice/dispatch/genblk2[0].buffer/genblk1.out_buf/genblk1.genblk1[0].pipe_register/genblk1.genblk1.genblk1.value_d_reg[128]/Q (DQV2_8TL50)
                                                          0.12       0.12 r
  core/issue/issue_slices[0].issue_slice/dispatch/genblk2[0].buffer/genblk1.out_buf/genblk1.genblk1[0].pipe_register/data_out[128] (VX_pipe_register_DATAW515_RESETW1_2)
                                                          0.00       0.12 r
  core/issue/issue_slices[0].issue_slice/dispatch/genblk2[0].buffer/genblk1.out_buf/data_out[128] (VX_pipe_buffer_DATAW514_DEPTH1_2)
                                                          0.00       0.12 r
  core/issue/issue_slices[0].issue_slice/dispatch/genblk2[0].buffer/data_out[128] (VX_elastic_buffer_DATAW514_SIZE2_OUT_REG2_LUTRAM1_2)
                                                          0.00       0.12 r
  core/issue/issue_slices[0].issue_slice/dispatch/dispatch_if[0].data[rs2_data][0][0] (VX_dispatch_INSTANCE_ID_I_operands_if_VX_operands_if__I_dispatch_if_VX_dispatch_if_master_)
                                                          0.00       0.12 r
  core/issue/issue_slices[0].issue_slice/dispatch_if[0].data[rs2_data][0][0] (VX_issue_slice_INSTANCE_ID_ISSUE_ID0_I_decode_if_VX_decode_if__NUM_WARPS_4I_writeback_if_VX_writeback_if_slave_I_dispatch_if_VX_dispatch_if__)
                                                          0.00       0.12 r
  core/issue/dispatch_if[0].data[rs2_data][0][0] (VX_issue_INSTANCE_ID_I_decode_if_VX_decode_if__I_writeback_if_VX_writeback_if__I_dispatch_if_VX_dispatch_if__)
                                                          0.00       0.12 r
  core/execute/dispatch_if[0].data[rs2_data][0][0] (VX_execute_INSTANCE_ID_CORE_ID0_I_lsu_mem_if_VX_lsu_mem_if__NUM_LANES_4_DATA_SIZE_4_TAG_WIDTH_45I_dispatch_if_VX_dispatch_if__I_commit_if_VX_commit_if__I_sched_csr_if_VX_sched_csr_if__I_branch_ctl_if_VX_branch_ctl_if__I_warp_ctl_if_VX_warp_ctl_if__I_commit_csr_if_VX_commit_csr_if__)
                                                          0.00       0.12 r
  core/execute/alu_unit/dispatch_if[0].data[rs2_data][0][0] (VX_alu_unit_INSTANCE_ID_I_dispatch_if_VX_dispatch_if__I_commit_if_VX_commit_if__I_branch_ctl_if_VX_branch_ctl_if_master_)
                                                          0.00       0.12 r
  core/execute/alu_unit/dispatch_unit/dispatch_if[0].data[rs2_data][0][0] (VX_dispatch_unit_BLOCK_SIZE1_NUM_LANES4_OUT_BUF0_I_dispatch_if_VX_dispatch_if_slave_I_execute_if_VX_execute_if__NUM_LANES_4)
                                                          0.00       0.12 r
  core/execute/alu_unit/dispatch_unit/genblk3[0].buf_out/data_in[131] (VX_elastic_buffer_DATAW517_SIZE0_OUT_REG0)
                                                          0.00       0.12 r
  core/execute/alu_unit/dispatch_unit/genblk3[0].buf_out/data_out[131] (VX_elastic_buffer_DATAW517_SIZE0_OUT_REG0)
                                                          0.00       0.12 r
  core/execute/alu_unit/dispatch_unit/execute_if[0].data[rs2_data][0][0] (VX_dispatch_unit_BLOCK_SIZE1_NUM_LANES4_OUT_BUF0_I_dispatch_if_VX_dispatch_if_slave_I_execute_if_VX_execute_if__NUM_LANES_4)
                                                          0.00       0.12 r
  core/execute/alu_unit/genblk1[0].muldiv_unit/execute_if.data[rs2_data][0][0] (VX_alu_muldiv_INSTANCE_ID_NUM_LANES4_I_execute_if_VX_execute_if__NUM_LANES_4I_commit_if_VX_commit_if__NUM_LANES_4)
                                                          0.00       0.12 r
  core/execute/alu_unit/genblk1[0].muldiv_unit/genblk1[0].multiplier/datab[0] (VX_multiplier_A_WIDTH33_B_WIDTH33_R_WIDTH66_SIGNED1_LATENCY4_3)
                                                          0.00       0.12 r
  core/execute/alu_unit/genblk1[0].muldiv_unit/genblk1[0].multiplier/U337/ZN (INV2_8TL50)
                                                          0.04       0.16 f
  core/execute/alu_unit/genblk1[0].muldiv_unit/genblk1[0].multiplier/U2/ZN (INV2_8TL50)
                                                          0.08       0.24 r
  core/execute/alu_unit/genblk1[0].muldiv_unit/genblk1[0].multiplier/U7/ZN (NAND2V4_8TL50)
                                                          0.02       0.27 f
  core/execute/alu_unit/genblk1[0].muldiv_unit/genblk1[0].multiplier/U339/ZN (INV2_8TL50)
                                                          0.02       0.28 r
  core/execute/alu_unit/genblk1[0].muldiv_unit/genblk1[0].multiplier/U343/ZN (AOI21V2_8TL50)
                                                          0.02       0.30 f
  core/execute/alu_unit/genblk1[0].muldiv_unit/genblk1[0].multiplier/U365/ZN (OAI21V2_8TL50)
                                                          0.03       0.33 r
  core/execute/alu_unit/genblk1[0].muldiv_unit/genblk1[0].multiplier/U739/ZN (INV2_8TL50)
                                                          0.02       0.35 f
  core/execute/alu_unit/genblk1[0].muldiv_unit/genblk1[0].multiplier/U906/ZN (OAI21V2_8TL50)
                                                          0.04       0.39 r
  core/execute/alu_unit/genblk1[0].muldiv_unit/genblk1[0].multiplier/U909/ZN (AOI21V2_8TL50)
                                                          0.02       0.41 f
  core/execute/alu_unit/genblk1[0].muldiv_unit/genblk1[0].multiplier/U912/ZN (XNOR2V2_8TL50)
                                                          0.08       0.49 r
  core/execute/alu_unit/genblk1[0].muldiv_unit/genblk1[0].multiplier/U919/ZN (OAI21V2_8TL50)
                                                          0.02       0.51 f
  core/execute/alu_unit/genblk1[0].muldiv_unit/genblk1[0].multiplier/U920/Z (XOR2V2_8TL50)
                                                          0.05       0.56 r
  core/execute/alu_unit/genblk1[0].muldiv_unit/genblk1[0].multiplier/U1152/S (AD1V2C_8TL50)
                                                          0.07       0.63 f
  core/execute/alu_unit/genblk1[0].muldiv_unit/genblk1[0].multiplier/U1165/CO (AD1V2C_8TL50)
                                                          0.06       0.69 f
  core/execute/alu_unit/genblk1[0].muldiv_unit/genblk1[0].multiplier/U1197/CO (AD1V2C_8TL50)
                                                          0.05       0.75 f
  core/execute/alu_unit/genblk1[0].muldiv_unit/genblk1[0].multiplier/U118/S (AD1V2C_8TL50)
                                                          0.08       0.82 r
  core/execute/alu_unit/genblk1[0].muldiv_unit/genblk1[0].multiplier/U1259/S (AD1V2C_8TL50)
                                                          0.06       0.89 f
  core/execute/alu_unit/genblk1[0].muldiv_unit/genblk1[0].multiplier/U1199/ZN (NOR2V2_8TL50)
                                                          0.04       0.92 r
  core/execute/alu_unit/genblk1[0].muldiv_unit/genblk1[0].multiplier/U2021/ZN (OAI21V2_8TL50)
                                                          0.02       0.95 f
  core/execute/alu_unit/genblk1[0].muldiv_unit/genblk1[0].multiplier/U2023/ZN (AOI21V2_8TL50)
                                                          0.03       0.98 r
  core/execute/alu_unit/genblk1[0].muldiv_unit/genblk1[0].multiplier/U2025/ZN (OAI21V2_8TL50)
                                                          0.02       0.99 f
  core/execute/alu_unit/genblk1[0].muldiv_unit/genblk1[0].multiplier/U143/ZN (AOI21V2_8TL50)
                                                          0.03       1.03 r
  core/execute/alu_unit/genblk1[0].muldiv_unit/genblk1[0].multiplier/U2067/ZN (OAI21V2_8TL50)
                                                          0.02       1.05 f
  core/execute/alu_unit/genblk1[0].muldiv_unit/genblk1[0].multiplier/U2107/ZN (AOI21V2_8TL50)
                                                          0.03       1.08 r
  core/execute/alu_unit/genblk1[0].muldiv_unit/genblk1[0].multiplier/U2146/ZN (OAI21V2_8TL50)
                                                          0.02       1.11 f
  core/execute/alu_unit/genblk1[0].muldiv_unit/genblk1[0].multiplier/U15/ZN (AOI21V2_8TL50)
                                                          0.03       1.14 r
  core/execute/alu_unit/genblk1[0].muldiv_unit/genblk1[0].multiplier/U16/ZN (OAI21V2_8TL50)
                                                          0.02       1.17 f
  core/execute/alu_unit/genblk1[0].muldiv_unit/genblk1[0].multiplier/U2252/ZN (AOI21V2_8TL50)
                                                          0.03       1.20 r
  core/execute/alu_unit/genblk1[0].muldiv_unit/genblk1[0].multiplier/U2286/ZN (OAI21V2_8TL50)
                                                          0.02       1.22 f
  core/execute/alu_unit/genblk1[0].muldiv_unit/genblk1[0].multiplier/U144/ZN (AOI21V2_8TL50)
                                                          0.03       1.26 r
  core/execute/alu_unit/genblk1[0].muldiv_unit/genblk1[0].multiplier/U18/ZN (OAI21V2_8TL50)
                                                          0.02       1.28 f
  core/execute/alu_unit/genblk1[0].muldiv_unit/genblk1[0].multiplier/U2376/ZN (AOI21V2_8TL50)
                                                          0.03       1.32 r
  core/execute/alu_unit/genblk1[0].muldiv_unit/genblk1[0].multiplier/U2404/ZN (OAI21V2_8TL50)
                                                          0.02       1.34 f
  core/execute/alu_unit/genblk1[0].muldiv_unit/genblk1[0].multiplier/U19/ZN (AOI21V2_8TL50)
                                                          0.03       1.37 r
  core/execute/alu_unit/genblk1[0].muldiv_unit/genblk1[0].multiplier/U21/ZN (OAI21V2_8TL50)
                                                          0.02       1.40 f
  core/execute/alu_unit/genblk1[0].muldiv_unit/genblk1[0].multiplier/U2478/ZN (AOI21V2_8TL50)
                                                          0.03       1.43 r
  core/execute/alu_unit/genblk1[0].muldiv_unit/genblk1[0].multiplier/U2500/ZN (OAI21V2_8TL50)
                                                          0.02       1.46 f
  core/execute/alu_unit/genblk1[0].muldiv_unit/genblk1[0].multiplier/U145/ZN (AOI21V2_8TL50)
                                                          0.03       1.49 r
  core/execute/alu_unit/genblk1[0].muldiv_unit/genblk1[0].multiplier/U3/ZN (OAI21V2_8TL50)
                                                          0.02       1.51 f
  core/execute/alu_unit/genblk1[0].muldiv_unit/genblk1[0].multiplier/U2536/ZN (AOI21V2_8TL50)
                                                          0.03       1.55 r
  core/execute/alu_unit/genblk1[0].muldiv_unit/genblk1[0].multiplier/U2541/ZN (OAI21V2_8TL50)
                                                          0.02       1.57 f
  core/execute/alu_unit/genblk1[0].muldiv_unit/genblk1[0].multiplier/U23/CO (AD1V2C_8TL50)
                                                          0.05       1.63 f
  core/execute/alu_unit/genblk1[0].muldiv_unit/genblk1[0].multiplier/U2569/CO (AD1V2C_8TL50)
                                                          0.05       1.68 f
  core/execute/alu_unit/genblk1[0].muldiv_unit/genblk1[0].multiplier/U24/CO (AD1V2C_8TL50)
                                                          0.05       1.73 f
  core/execute/alu_unit/genblk1[0].muldiv_unit/genblk1[0].multiplier/U2564/CO (AD1V2C_8TL50)
                                                          0.05       1.79 f
  core/execute/alu_unit/genblk1[0].muldiv_unit/genblk1[0].multiplier/U2561/CO (AD1V2C_8TL50)
                                                          0.05       1.84 f
  core/execute/alu_unit/genblk1[0].muldiv_unit/genblk1[0].multiplier/U2548/CO (AD1V2C_8TL50)
                                                          0.05       1.90 f
  core/execute/alu_unit/genblk1[0].muldiv_unit/genblk1[0].multiplier/U2550/CO (AD1V2C_8TL50)
                                                          0.05       1.95 f
  core/execute/alu_unit/genblk1[0].muldiv_unit/genblk1[0].multiplier/U2556/Z (XOR2V2_8TL50)
                                                          0.04       1.98 r
  core/execute/alu_unit/genblk1[0].muldiv_unit/genblk1[0].multiplier/U2557/Z (CKMUX2V2_8TL50)
                                                          0.03       2.01 r
  core/execute/alu_unit/genblk1[0].muldiv_unit/genblk1[0].multiplier/genblk2.prod_r_reg[0][63]/D (DQV2_8TL50)
                                                          0.00       2.01 r
  data arrival time                                                  2.01

  clock VCLK (rise edge)                                  2.22       2.22
  clock network delay (ideal)                             0.00       2.22
  clock uncertainty                                      -0.20       2.02
  core/execute/alu_unit/genblk1[0].muldiv_unit/genblk1[0].multiplier/genblk2.prod_r_reg[0][63]/CK (DQV2_8TL50)
                                                          0.00       2.02 r
  library setup time                                     -0.01       2.01
  data required time                                                 2.01
  --------------------------------------------------------------------------
  data required time                                                 2.01
  data arrival time                                                 -2.01
  --------------------------------------------------------------------------
  slack (MET)                                                        0.00


1
