 
****************************************
Report : power
        -analysis_effort low
Design : VX_core_top
Version: T-2022.03-SP2
Date   : Sat Mar 28 04:21:52 2026
****************************************


Library(s) Used:

    scc40nll_hdc50_lvt_ff_v1p21_0c_basic (File: /home/lao/works/backend-example/test/lib/scc40nll_hdc50_lvt_ff_v1p21_0c_basic.db)


Operating Conditions: ff_v1p21_0c   Library: scc40nll_hdc50_lvt_ff_v1p21_0c_basic
Wire Load Model Mode: top


Global Operating Voltage = 1.21 
Power-specific unit information :
    Voltage Units = 1V
    Capacitance Units = 1.000000pf
    Time Units = 1ns
    Dynamic Power Units = 1mW    (derived from V,C,T units)
    Leakage Power Units = 1uW


Attributes
----------
i - Including register clock pin internal power


  Cell Internal Power  =  94.1918 mW   (99%)
  Net Switching Power  = 705.9215 uW    (1%)
                         ---------
Total Dynamic Power    =  94.8977 mW  (100%)

Cell Leakage Power     = 281.7486 uW


                 Internal         Switching           Leakage            Total
Power Group      Power            Power               Power              Power   (   %    )  Attrs
--------------------------------------------------------------------------------------------------
io_pad             0.0000            0.0000            0.0000            0.0000  (   0.00%)
memory             0.0000            0.0000            0.0000            0.0000  (   0.00%)
black_box          0.0000            0.0000            0.0000            0.0000  (   0.00%)
clock_network     93.7326            0.0000            0.0000            0.0000  (   0.00%)  i
register           0.1301        9.1408e-02          157.6319           94.1124  (  98.90%)
sequential         0.0000            0.0000            0.0000            0.0000  (   0.00%)
combinational      0.3114            0.6145          124.1167            1.0502  (   1.10%)
--------------------------------------------------------------------------------------------------
Total             94.1741 mW         0.7059 mW       281.7486 uW        95.1626 mW
1
