 
****************************************
Report : area
Design : VX_core_top
Version: T-2022.03-SP2
Date   : Fri Mar 27 23:54:56 2026
****************************************

Library(s) Used:

    scc40nll_hdc50_lvt_ff_v1p21_0c_basic (File: /home/lao/works/backend-example/test/lib/scc40nll_hdc50_lvt_ff_v1p21_0c_basic.db)

Number of ports:                       274916
Number of nets:                        625057
Number of cells:                       414021
Number of combinational cells:         299188
Number of sequential cells:            112631
Number of macros/black boxes:               0
Number of buf/inv:                      46662
Number of references:                       1

Combinational area:             360717.061148
Buf/Inv area:                    21798.380675
Noncombinational area:          383644.132259
Macro/Black Box area:                0.000000
Net Interconnect area:      undefined  (No wire load specified)

Total cell area:                744361.193407
Total area:                 undefined
1
