 
****************************************
Report : power
        -analysis_effort low
Design : VX_core_top
Version: T-2022.03-SP2
Date   : Fri Mar 27 23:54:57 2026
****************************************


Library(s) Used:

    scc40nll_hdc50_lvt_ff_v1p21_0c_basic (File: /home/lao/works/backend-example/test/lib/scc40nll_hdc50_lvt_ff_v1p21_0c_basic.db)


Operating Conditions: ff_v1p21_0c   Library: scc40nll_hdc50_lvt_ff_v1p21_0c_basic
Wire Load Model Mode: top


Global Operating Voltage = 1.21 
Power-specific unit information :
    Voltage Units = 1V
    Capacitance Units = 1.000000pf
    Time Units = 1ns
    Dynamic Power Units = 1mW    (derived from V,C,T units)
    Leakage Power Units = 1uW


Attributes
----------
i - Including register clock pin internal power


  Cell Internal Power  = 290.6221 mW   (99%)
  Net Switching Power  =   2.0113 mW    (1%)
                         ---------
Total Dynamic Power    = 292.6335 mW  (100%)

Cell Leakage Power     =   1.0135 mW


                 Internal         Switching           Leakage            Total
Power Group      Power            Power               Power              Power   (   %    )  Attrs
--------------------------------------------------------------------------------------------------
io_pad             0.0000            0.0000            0.0000            0.0000  (   0.00%)
memory             0.0000            0.0000            0.0000            0.0000  (   0.00%)
black_box          0.0000            0.0000            0.0000            0.0000  (   0.00%)
clock_network    289.0958            0.0000            0.0000            0.0000  (   0.00%)  i
register           0.2579            0.2001          548.4808          290.1075  (  98.93%)
sequential         0.0000            0.0000            0.0000            0.0000  (   0.00%)
combinational      0.8572            1.8112          465.0237            3.1349  (   1.07%)
--------------------------------------------------------------------------------------------------
Total            290.2109 mW         2.0113 mW     1.0135e+03 uW       293.2423 mW
1
