 
****************************************
Report : power
        -analysis_effort low
Design : VX_core_top
Version: T-2022.03-SP2
Date   : Sat Mar 28 05:18:39 2026
****************************************


Library(s) Used:

    scc40nll_hdc50_lvt_ff_v1p21_0c_basic (File: /home/lao/works/backend-example/test/lib/scc40nll_hdc50_lvt_ff_v1p21_0c_basic.db)


Operating Conditions: ff_v1p21_0c   Library: scc40nll_hdc50_lvt_ff_v1p21_0c_basic
Wire Load Model Mode: top


Global Operating Voltage = 1.21 
Power-specific unit information :
    Voltage Units = 1V
    Capacitance Units = 1.000000pf
    Time Units = 1ns
    Dynamic Power Units = 1mW    (derived from V,C,T units)
    Leakage Power Units = 1uW


Attributes
----------
i - Including register clock pin internal power


  Cell Internal Power  = 146.2137 mW   (99%)
  Net Switching Power  =   1.0616 mW    (1%)
                         ---------
Total Dynamic Power    = 147.2753 mW  (100%)

Cell Leakage Power     = 286.2338 uW


                 Internal         Switching           Leakage            Total
Power Group      Power            Power               Power              Power   (   %    )  Attrs
--------------------------------------------------------------------------------------------------
io_pad             0.0000            0.0000            0.0000            0.0000  (   0.00%)
memory             0.0000            0.0000            0.0000            0.0000  (   0.00%)
black_box          0.0000            0.0000            0.0000            0.0000  (   0.00%)
clock_network    145.5471            0.0000            0.0000            0.0000  (   0.00%)  i
register           0.2087            0.1364          157.6219          146.0494  (  98.96%)
sequential         0.0000            0.0000            0.0000            0.0000  (   0.00%)
combinational      0.4735            0.9252          128.6120            1.5275  (   1.04%)
--------------------------------------------------------------------------------------------------
Total            146.2293 mW         1.0616 mW       286.2338 uW       147.5770 mW
1
