 
****************************************
Report : qor
Design : VX_core_top
Version: T-2022.03-SP2
Date   : Sat Mar 28 01:22:19 2026
****************************************


  Timing Path Group 'VCLK'
  -----------------------------------
  Levels of Logic:              57.00
  Critical Path Length:          2.29
  Critical Path Slack:           0.00
  Critical Path Clk Period:      2.50
  Total Negative Slack:          0.00
  No. of Violating Paths:        0.00
  Worst Hold Violation:         -0.04
  Total Hold Violation:       -186.10
  No. of Hold Violations:   191928.00
  -----------------------------------


  Cell Count
  -----------------------------------
  Hierarchical Cell Count:        341
  Hierarchical Port Count:     507901
  Leaf Cell Count:             819328
  Buf/Inv Cell Count:           93231
  Buf Cell Count:               18227
  Inv Cell Count:               75004
  CT Buf/Inv Cell Count:            0
  Combinational Cell Count:    594676
  Sequential Cell Count:       224652
  Macro Count:                      0
  -----------------------------------


  Area
  -----------------------------------
  Combinational Area:   718649.421494
  Noncombinational Area:
                        765167.499750
  Buf/Inv Area:          43610.380555
  Total Buffer Area:         11670.17
  Total Inverter Area:       31940.22
  Macro/Black Box Area:      0.000000
  Net Area:                  0.000000
  -----------------------------------
  Cell Area:           1483816.921244
  Design Area:         1483816.921244


  Design Rules
  -----------------------------------
  Total Number of Nets:        841575
  Nets With Violations:           125
  Max Trans Violations:             2
  Max Cap Violations:               0
  Max Fanout Violations:          123
  -----------------------------------


  Hostname: edatools

  Compile CPU Statistics
  -----------------------------------------
  Resource Sharing:                  236.09
  Logic Optimization:                292.29
  Mapping Optimization:             1746.52
  -----------------------------------------
  Overall Compile Time:             4706.75
  Overall Compile Wall Clock Time:  4953.62

  --------------------------------------------------------------------

  Design  WNS: 0.00  TNS: 0.00  Number of Violating Paths: 0


  Design (Hold)  WNS: 0.04  TNS: 186.10  Number of Violating Paths: 191928

  --------------------------------------------------------------------


1
