 
****************************************
Report : power
        -analysis_effort low
Design : VX_core_top
Version: T-2022.03-SP2
Date   : Sat Mar 28 01:22:13 2026
****************************************


Library(s) Used:

    scc40nll_hdc50_lvt_ff_v1p21_0c_basic (File: /home/lao/works/backend-example/test/lib/scc40nll_hdc50_lvt_ff_v1p21_0c_basic.db)


Operating Conditions: ff_v1p21_0c   Library: scc40nll_hdc50_lvt_ff_v1p21_0c_basic
Wire Load Model Mode: top


Global Operating Voltage = 1.21 
Power-specific unit information :
    Voltage Units = 1V
    Capacitance Units = 1.000000pf
    Time Units = 1ns
    Dynamic Power Units = 1mW    (derived from V,C,T units)
    Leakage Power Units = 1uW


Attributes
----------
i - Including register clock pin internal power


  Cell Internal Power  = 579.9071 mW   (99%)
  Net Switching Power  =   4.5713 mW    (1%)
                         ---------
Total Dynamic Power    = 584.4785 mW  (100%)

Cell Leakage Power     =   2.0255 mW


                 Internal         Switching           Leakage            Total
Power Group      Power            Power               Power              Power   (   %    )  Attrs
--------------------------------------------------------------------------------------------------
io_pad             0.0000            0.0000            0.0000            0.0000  (   0.00%)
memory             0.0000            0.0000            0.0000            0.0000  (   0.00%)
black_box          0.0000            0.0000            0.0000            0.0000  (   0.00%)
clock_network    576.2928            0.0000            0.0000            0.0000  (   0.00%)  i
register           0.6545            0.4602        1.0941e+03          578.5038  (  98.82%)
sequential         0.0000            0.0000            0.0000            0.0000  (   0.00%)
combinational      1.8532            4.1111          931.4254            6.9155  (   1.18%)
--------------------------------------------------------------------------------------------------
Total            578.8005 mW         4.5713 mW     2.0255e+03 uW       585.4194 mW
1
