Information: Updating design information... (UID-85)
Warning: Design 'VX_core_top' contains 1 high-fanout nets. A fanout number of 1000 will be used for delay calculations involving these nets. (TIM-134)
 
****************************************
Report : timing
        -path full
        -delay max
        -max_paths 1
Design : VX_core_top
Version: T-2022.03-SP2
Date   : Sat Mar 28 01:22:11 2026
****************************************

 # A fanout number of 1000 was used for high fanout net computations.

Operating Conditions: ff_v1p21_0c   Library: scc40nll_hdc50_lvt_ff_v1p21_0c_basic
Wire Load Model Mode: top

  Startpoint: core/issue/issue_slices[0].issue_slice/dispatch/genblk2[0].buffer/genblk1.out_buf/genblk1.genblk1[0].pipe_register/genblk1.genblk1.genblk1.value_d_reg[2391]
              (rising edge-triggered flip-flop clocked by VCLK)
  Endpoint: core/execute/alu_unit/genblk1[0].muldiv_unit/genblk1[10].multiplier/genblk2.prod_r_reg[0][63]
            (rising edge-triggered flip-flop clocked by VCLK)
  Path Group: VCLK
  Path Type: max

  Point                                                   Incr       Path
  --------------------------------------------------------------------------
  clock VCLK (rise edge)                                  0.00       0.00
  clock network delay (ideal)                             0.00       0.00
  core/issue/issue_slices[0].issue_slice/dispatch/genblk2[0].buffer/genblk1.out_buf/genblk1.genblk1[0].pipe_register/genblk1.genblk1.genblk1.value_d_reg[2391]/CK (DQV2_8TL50)
                                                          0.00 #     0.00 r
  core/issue/issue_slices[0].issue_slice/dispatch/genblk2[0].buffer/genblk1.out_buf/genblk1.genblk1[0].pipe_register/genblk1.genblk1.genblk1.value_d_reg[2391]/Q (DQV2_8TL50)
                                                          0.13       0.13 r
  core/issue/issue_slices[0].issue_slice/dispatch/genblk2[0].buffer/genblk1.out_buf/genblk1.genblk1[0].pipe_register/data_out[2391] (VX_pipe_register_DATAW3234_RESETW1_2)
                                                          0.00       0.13 r
  core/issue/issue_slices[0].issue_slice/dispatch/genblk2[0].buffer/genblk1.out_buf/data_out[2391] (VX_pipe_buffer_DATAW3233_DEPTH1_2)
                                                          0.00       0.13 r
  core/issue/issue_slices[0].issue_slice/dispatch/genblk2[0].buffer/data_out[2391] (VX_elastic_buffer_DATAW3233_SIZE2_OUT_REG2_LUTRAM1_2)
                                                          0.00       0.13 r
  core/issue/issue_slices[0].issue_slice/dispatch/dispatch_if[0].data[rs1_data][10][23] (VX_dispatch_INSTANCE_ID_I_operands_if_VX_operands_if__I_dispatch_if_VX_dispatch_if_master_)
                                                          0.00       0.13 r
  core/issue/issue_slices[0].issue_slice/dispatch_if[0].data[rs1_data][10][23] (VX_issue_slice_INSTANCE_ID_ISSUE_ID0_I_decode_if_VX_decode_if__NUM_WARPS_4I_writeback_if_VX_writeback_if_slave_I_dispatch_if_VX_dispatch_if__)
                                                          0.00       0.13 r
  core/issue/dispatch_if[0].data[rs1_data][10][23] (VX_issue_INSTANCE_ID_I_decode_if_VX_decode_if__I_writeback_if_VX_writeback_if__I_dispatch_if_VX_dispatch_if__)
                                                          0.00       0.13 r
  core/execute/dispatch_if[0].data[rs1_data][10][23] (VX_execute_INSTANCE_ID_CORE_ID0_I_lsu_mem_if_VX_lsu_mem_if__NUM_LANES_32_DATA_SIZE_4_TAG_WIDTH_45I_dispatch_if_VX_dispatch_if__I_commit_if_VX_commit_if__I_sched_csr_if_VX_sched_csr_if__I_branch_ctl_if_VX_branch_ctl_if__I_warp_ctl_if_VX_warp_ctl_if__I_commit_csr_if_VX_commit_csr_if__)
                                                          0.00       0.13 r
  core/execute/alu_unit/dispatch_if[0].data[rs1_data][10][23] (VX_alu_unit_INSTANCE_ID_I_dispatch_if_VX_dispatch_if__I_commit_if_VX_commit_if__I_branch_ctl_if_VX_branch_ctl_if_master_)
                                                          0.00       0.13 r
  core/execute/alu_unit/dispatch_unit/dispatch_if[0].data[rs1_data][10][23] (VX_dispatch_unit_BLOCK_SIZE1_NUM_LANES32_OUT_BUF0_I_dispatch_if_VX_dispatch_if_slave_I_execute_if_VX_execute_if__NUM_LANES_32)
                                                          0.00       0.13 r
  core/execute/alu_unit/dispatch_unit/genblk3[0].buf_out/data_in[2394] (VX_elastic_buffer_DATAW3236_SIZE0_OUT_REG0)
                                                          0.00       0.13 r
  core/execute/alu_unit/dispatch_unit/genblk3[0].buf_out/data_out[2394] (VX_elastic_buffer_DATAW3236_SIZE0_OUT_REG0)
                                                          0.00       0.13 r
  core/execute/alu_unit/dispatch_unit/execute_if[0].data[rs1_data][10][23] (VX_dispatch_unit_BLOCK_SIZE1_NUM_LANES32_OUT_BUF0_I_dispatch_if_VX_dispatch_if_slave_I_execute_if_VX_execute_if__NUM_LANES_32)
                                                          0.00       0.13 r
  core/execute/alu_unit/genblk1[0].muldiv_unit/execute_if.data[rs1_data][10][23] (VX_alu_muldiv_INSTANCE_ID_NUM_LANES32_I_execute_if_VX_execute_if__NUM_LANES_32I_commit_if_VX_commit_if__NUM_LANES_32)
                                                          0.00       0.13 r
  core/execute/alu_unit/genblk1[0].muldiv_unit/genblk1[10].multiplier/dataa[23] (VX_multiplier_A_WIDTH33_B_WIDTH33_R_WIDTH66_SIGNED1_LATENCY4_21)
                                                          0.00       0.13 r
  core/execute/alu_unit/genblk1[0].muldiv_unit/genblk1[10].multiplier/U619/ZN (INV2_8TL50)
                                                          0.02       0.15 f
  core/execute/alu_unit/genblk1[0].muldiv_unit/genblk1[10].multiplier/U620/ZN (INV2_8TL50)
                                                          0.07       0.22 r
  core/execute/alu_unit/genblk1[0].muldiv_unit/genblk1[10].multiplier/U695/Z (XOR2V2_8TL50)
                                                          0.04       0.27 f
  core/execute/alu_unit/genblk1[0].muldiv_unit/genblk1[10].multiplier/U696/ZN (INAND2V2_8TL50)
                                                          0.04       0.31 r
  core/execute/alu_unit/genblk1[0].muldiv_unit/genblk1[10].multiplier/U707/ZN (INV2_8TL50)
                                                          0.01       0.32 f
  core/execute/alu_unit/genblk1[0].muldiv_unit/genblk1[10].multiplier/U11/ZN (INV2_8TL50)
                                                          0.06       0.38 r
  core/execute/alu_unit/genblk1[0].muldiv_unit/genblk1[10].multiplier/U1206/ZN (OAI21V2_8TL50)
                                                          0.02       0.40 f
  core/execute/alu_unit/genblk1[0].muldiv_unit/genblk1[10].multiplier/U1207/Z (XOR2V2_8TL50)
                                                          0.04       0.44 r
  core/execute/alu_unit/genblk1[0].muldiv_unit/genblk1[10].multiplier/U3/CO (ADH1V4C_8TL50)
                                                          0.03       0.47 r
  core/execute/alu_unit/genblk1[0].muldiv_unit/genblk1[10].multiplier/U1606/S (ADH1V2C_8TL50)
                                                          0.04       0.52 f
  core/execute/alu_unit/genblk1[0].muldiv_unit/genblk1[10].multiplier/U1615/CO (AD1V2C_8TL50)
                                                          0.06       0.58 f
  core/execute/alu_unit/genblk1[0].muldiv_unit/genblk1[10].multiplier/U1613/CO (AD1V2C_8TL50)
                                                          0.05       0.63 f
  core/execute/alu_unit/genblk1[0].muldiv_unit/genblk1[10].multiplier/U1618/CO (AD1V2C_8TL50)
                                                          0.05       0.68 f
  core/execute/alu_unit/genblk1[0].muldiv_unit/genblk1[10].multiplier/U1716/S (AD1V2C_8TL50)
                                                          0.08       0.76 r
  core/execute/alu_unit/genblk1[0].muldiv_unit/genblk1[10].multiplier/U1721/S (AD1V2C_8TL50)
                                                          0.06       0.82 f
  core/execute/alu_unit/genblk1[0].muldiv_unit/genblk1[10].multiplier/U10/ZN (NOR2V2_8TL50)
                                                          0.04       0.86 r
  core/execute/alu_unit/genblk1[0].muldiv_unit/genblk1[10].multiplier/U1643/ZN (OAI21V2_8TL50)
                                                          0.02       0.88 f
  core/execute/alu_unit/genblk1[0].muldiv_unit/genblk1[10].multiplier/U1644/ZN (AOI21V2_8TL50)
                                                          0.02       0.90 r
  core/execute/alu_unit/genblk1[0].muldiv_unit/genblk1[10].multiplier/U1645/ZN (OAI21V2_8TL50)
                                                          0.02       0.92 f
  core/execute/alu_unit/genblk1[0].muldiv_unit/genblk1[10].multiplier/U1727/ZN (AOI21V2_8TL50)
                                                          0.03       0.95 r
  core/execute/alu_unit/genblk1[0].muldiv_unit/genblk1[10].multiplier/U1770/ZN (OAI21V2_8TL50)
                                                          0.02       0.98 f
  core/execute/alu_unit/genblk1[0].muldiv_unit/genblk1[10].multiplier/U139/ZN (AOI21V2_8TL50)
                                                          0.03       1.01 r
  core/execute/alu_unit/genblk1[0].muldiv_unit/genblk1[10].multiplier/U1858/ZN (OAI21V2_8TL50)
                                                          0.02       1.03 f
  core/execute/alu_unit/genblk1[0].muldiv_unit/genblk1[10].multiplier/U1905/ZN (AOI21V2_8TL50)
                                                          0.03       1.07 r
  core/execute/alu_unit/genblk1[0].muldiv_unit/genblk1[10].multiplier/U1952/ZN (OAI21V2_8TL50)
                                                          0.02       1.09 f
  core/execute/alu_unit/genblk1[0].muldiv_unit/genblk1[10].multiplier/U2000/ZN (AOI21V2_8TL50)
                                                          0.03       1.13 r
  core/execute/alu_unit/genblk1[0].muldiv_unit/genblk1[10].multiplier/U6/ZN (OAI21V2_8TL50)
                                                          0.02       1.15 f
  core/execute/alu_unit/genblk1[0].muldiv_unit/genblk1[10].multiplier/U2088/ZN (AOI21V2_8TL50)
                                                          0.03       1.18 r
  core/execute/alu_unit/genblk1[0].muldiv_unit/genblk1[10].multiplier/U2131/ZN (OAI21V2_8TL50)
                                                          0.02       1.21 f
  core/execute/alu_unit/genblk1[0].muldiv_unit/genblk1[10].multiplier/U140/ZN (AOI21V2_8TL50)
                                                          0.03       1.24 r
  core/execute/alu_unit/genblk1[0].muldiv_unit/genblk1[10].multiplier/U16/ZN (OAI21V2_8TL50)
                                                          0.02       1.27 f
  core/execute/alu_unit/genblk1[0].muldiv_unit/genblk1[10].multiplier/U2252/ZN (AOI21V2_8TL50)
                                                          0.03       1.30 r
  core/execute/alu_unit/genblk1[0].muldiv_unit/genblk1[10].multiplier/U2290/ZN (OAI21V2_8TL50)
                                                          0.02       1.32 f
  core/execute/alu_unit/genblk1[0].muldiv_unit/genblk1[10].multiplier/U17/ZN (AOI21V2_8TL50)
                                                          0.03       1.36 r
  core/execute/alu_unit/genblk1[0].muldiv_unit/genblk1[10].multiplier/U18/ZN (OAI21V2_8TL50)
                                                          0.02       1.38 f
  core/execute/alu_unit/genblk1[0].muldiv_unit/genblk1[10].multiplier/U2394/ZN (AOI21V2_8TL50)
                                                          0.03       1.42 r
  core/execute/alu_unit/genblk1[0].muldiv_unit/genblk1[10].multiplier/U2426/ZN (OAI21V2_8TL50)
                                                          0.02       1.44 f
  core/execute/alu_unit/genblk1[0].muldiv_unit/genblk1[10].multiplier/U141/ZN (AOI21V2_8TL50)
                                                          0.03       1.47 r
  core/execute/alu_unit/genblk1[0].muldiv_unit/genblk1[10].multiplier/U19/ZN (OAI21V2_8TL50)
                                                          0.02       1.50 f
  core/execute/alu_unit/genblk1[0].muldiv_unit/genblk1[10].multiplier/U2509/ZN (AOI21V2_8TL50)
                                                          0.03       1.53 r
  core/execute/alu_unit/genblk1[0].muldiv_unit/genblk1[10].multiplier/U2522/ZN (OAI21V2_8TL50)
                                                          0.02       1.55 f
  core/execute/alu_unit/genblk1[0].muldiv_unit/genblk1[10].multiplier/U5/ZN (AOI21V2_8TL50)
                                                          0.03       1.59 r
  core/execute/alu_unit/genblk1[0].muldiv_unit/genblk1[10].multiplier/U142/ZN (OAI21V2_8TL50)
                                                          0.02       1.61 f
  core/execute/alu_unit/genblk1[0].muldiv_unit/genblk1[10].multiplier/U2542/Z (AO21V4_8TL50)
                                                          0.04       1.65 f
  core/execute/alu_unit/genblk1[0].muldiv_unit/genblk1[10].multiplier/U20/CO (AD1V2C_8TL50)
                                                          0.05       1.71 f
  core/execute/alu_unit/genblk1[0].muldiv_unit/genblk1[10].multiplier/U2573/CO (AD1V2C_8TL50)
                                                          0.05       1.76 f
  core/execute/alu_unit/genblk1[0].muldiv_unit/genblk1[10].multiplier/U2570/CO (AD1V2C_8TL50)
                                                          0.05       1.81 f
  core/execute/alu_unit/genblk1[0].muldiv_unit/genblk1[10].multiplier/U2567/CO (AD1V2C_8TL50)
                                                          0.05       1.87 f
  core/execute/alu_unit/genblk1[0].muldiv_unit/genblk1[10].multiplier/U2564/CO (AD1V2C_8TL50)
                                                          0.05       1.92 f
  core/execute/alu_unit/genblk1[0].muldiv_unit/genblk1[10].multiplier/U2561/CO (AD1V2C_8TL50)
                                                          0.05       1.98 f
  core/execute/alu_unit/genblk1[0].muldiv_unit/genblk1[10].multiplier/U21/CO (AD1V2C_8TL50)
                                                          0.05       2.03 f
  core/execute/alu_unit/genblk1[0].muldiv_unit/genblk1[10].multiplier/U2556/CO (AD1V2C_8TL50)
                                                          0.05       2.08 f
  core/execute/alu_unit/genblk1[0].muldiv_unit/genblk1[10].multiplier/U22/CO (AD1V2C_8TL50)
                                                          0.05       2.14 f
  core/execute/alu_unit/genblk1[0].muldiv_unit/genblk1[10].multiplier/U9/CO (AD1V2T_8TL50)
                                                          0.05       2.18 f
  core/execute/alu_unit/genblk1[0].muldiv_unit/genblk1[10].multiplier/U4/CO (AD1V2R_8TL50)
                                                          0.04       2.22 f
  core/execute/alu_unit/genblk1[0].muldiv_unit/genblk1[10].multiplier/U23/Z (XOR2V2_8TL50)
                                                          0.04       2.26 r
  core/execute/alu_unit/genblk1[0].muldiv_unit/genblk1[10].multiplier/U2549/Z (CKMUX2V2_8TL50)
                                                          0.03       2.29 r
  core/execute/alu_unit/genblk1[0].muldiv_unit/genblk1[10].multiplier/genblk2.prod_r_reg[0][63]/D (DQV2_8TL50)
                                                          0.00       2.29 r
  data arrival time                                                  2.29

  clock VCLK (rise edge)                                  2.50       2.50
  clock network delay (ideal)                             0.00       2.50
  clock uncertainty                                      -0.20       2.30
  core/execute/alu_unit/genblk1[0].muldiv_unit/genblk1[10].multiplier/genblk2.prod_r_reg[0][63]/CK (DQV2_8TL50)
                                                          0.00       2.30 r
  library setup time                                     -0.01       2.29
  data required time                                                 2.29
  --------------------------------------------------------------------------
  data required time                                                 2.29
  data arrival time                                                 -2.29
  --------------------------------------------------------------------------
  slack (MET)                                                        0.00


1
