 
****************************************
Report : area
Design : VX_core_top
Version: T-2022.03-SP2
Date   : Sat Mar 28 07:15:23 2026
****************************************

Library(s) Used:

    scc40nll_hdc50_lvt_ff_v1p21_0c_basic (File: /home/lao/works/backend-example/test/lib/scc40nll_hdc50_lvt_ff_v1p21_0c_basic.db)

Number of ports:                       101893
Number of nets:                        198373
Number of cells:                       125687
Number of combinational cells:          91297
Number of sequential cells:             32395
Number of macros/black boxes:               0
Number of buf/inv:                      15810
Number of references:                       1

Combinational area:             109265.563284
Buf/Inv area:                     8359.847960
Noncombinational area:          110417.449213
Macro/Black Box area:                0.000000
Net Interconnect area:      undefined  (No wire load specified)

Total cell area:                219683.012496
Total area:                 undefined
1
