 
****************************************
Report : area
Design : VX_core_top
Version: T-2022.03-SP2
Date   : Fri Mar 27 22:37:31 2026
****************************************

Library(s) Used:

    scc40nll_hdc50_lvt_ff_v1p21_0c_basic (File: /home/lao/works/backend-example/test/lib/scc40nll_hdc50_lvt_ff_v1p21_0c_basic.db)

Number of ports:                        57311
Number of nets:                         82077
Number of cells:                        45127
Number of combinational cells:          30390
Number of sequential cells:             12722
Number of macros/black boxes:               0
Number of buf/inv:                       4680
Number of references:                       1

Combinational area:              35452.266539
Buf/Inv area:                     2161.835185
Noncombinational area:           43351.828018
Macro/Black Box area:                0.000000
Net Interconnect area:      undefined  (No wire load specified)

Total cell area:                 78804.094557
Total area:                 undefined
1
